Archive member included to satisfy reference by file (symbol)

/home/julius/University/JKU/NetworkedES/arm/bin/../lib/gcc/arm-none-eabi/10.3.1/../../../../arm-none-eabi/lib/thumb/v7e-m+dp/hard/libc_nano.a(lib_a-exit.o)
                              /home/julius/University/JKU/NetworkedES/arm/bin/../lib/gcc/arm-none-eabi/10.3.1/../../../../arm-none-eabi/lib/thumb/v7e-m+dp/hard/crt0.o (exit)
/home/julius/University/JKU/NetworkedES/arm/bin/../lib/gcc/arm-none-eabi/10.3.1/../../../../arm-none-eabi/lib/thumb/v7e-m+dp/hard/libc_nano.a(lib_a-impure.o)
                              /home/julius/University/JKU/NetworkedES/arm/bin/../lib/gcc/arm-none-eabi/10.3.1/../../../../arm-none-eabi/lib/thumb/v7e-m+dp/hard/libc_nano.a(lib_a-exit.o) (_global_impure_ptr)
/home/julius/University/JKU/NetworkedES/arm/bin/../lib/gcc/arm-none-eabi/10.3.1/../../../../arm-none-eabi/lib/thumb/v7e-m+dp/hard/libc_nano.a(lib_a-init.o)
                              /home/julius/University/JKU/NetworkedES/arm/bin/../lib/gcc/arm-none-eabi/10.3.1/../../../../arm-none-eabi/lib/thumb/v7e-m+dp/hard/crt0.o (__libc_init_array)
/home/julius/University/JKU/NetworkedES/arm/bin/../lib/gcc/arm-none-eabi/10.3.1/../../../../arm-none-eabi/lib/thumb/v7e-m+dp/hard/libc_nano.a(lib_a-memset.o)
                              /home/julius/University/JKU/NetworkedES/arm/bin/../lib/gcc/arm-none-eabi/10.3.1/../../../../arm-none-eabi/lib/thumb/v7e-m+dp/hard/crt0.o (memset)
/home/julius/University/JKU/NetworkedES/arm/bin/../lib/gcc/arm-none-eabi/10.3.1/../../../../arm-none-eabi/lib/thumb/v7e-m+dp/hard/libnosys.a(_exit.o)
                              /home/julius/University/JKU/NetworkedES/arm/bin/../lib/gcc/arm-none-eabi/10.3.1/../../../../arm-none-eabi/lib/thumb/v7e-m+dp/hard/libc_nano.a(lib_a-exit.o) (_exit)
/home/julius/University/JKU/NetworkedES/arm/bin/../lib/gcc/arm-none-eabi/10.3.1/thumb/v7e-m+dp/hard/libgcc.a(_aeabi_uldivmod.o)
                              build/stm32h7xx_hal_uart.o (__aeabi_uldivmod)
/home/julius/University/JKU/NetworkedES/arm/bin/../lib/gcc/arm-none-eabi/10.3.1/thumb/v7e-m+dp/hard/libgcc.a(_udivmoddi4.o)
                              /home/julius/University/JKU/NetworkedES/arm/bin/../lib/gcc/arm-none-eabi/10.3.1/thumb/v7e-m+dp/hard/libgcc.a(_aeabi_uldivmod.o) (__udivmoddi4)
/home/julius/University/JKU/NetworkedES/arm/bin/../lib/gcc/arm-none-eabi/10.3.1/thumb/v7e-m+dp/hard/libgcc.a(_dvmd_tls.o)
                              /home/julius/University/JKU/NetworkedES/arm/bin/../lib/gcc/arm-none-eabi/10.3.1/thumb/v7e-m+dp/hard/libgcc.a(_aeabi_uldivmod.o) (__aeabi_ldiv0)

Discarded input sections

 .text          0x0000000000000000        0x0 /home/julius/University/JKU/NetworkedES/arm/bin/../lib/gcc/arm-none-eabi/10.3.1/thumb/v7e-m+dp/hard/crti.o
 .data          0x0000000000000000        0x0 /home/julius/University/JKU/NetworkedES/arm/bin/../lib/gcc/arm-none-eabi/10.3.1/thumb/v7e-m+dp/hard/crti.o
 .bss           0x0000000000000000        0x0 /home/julius/University/JKU/NetworkedES/arm/bin/../lib/gcc/arm-none-eabi/10.3.1/thumb/v7e-m+dp/hard/crti.o
 .data          0x0000000000000000        0x4 /home/julius/University/JKU/NetworkedES/arm/bin/../lib/gcc/arm-none-eabi/10.3.1/thumb/v7e-m+dp/hard/crtbegin.o
 .rodata        0x0000000000000000       0x24 /home/julius/University/JKU/NetworkedES/arm/bin/../lib/gcc/arm-none-eabi/10.3.1/thumb/v7e-m+dp/hard/crtbegin.o
 .text          0x0000000000000000       0x7c /home/julius/University/JKU/NetworkedES/arm/bin/../lib/gcc/arm-none-eabi/10.3.1/../../../../arm-none-eabi/lib/thumb/v7e-m+dp/hard/crt0.o
 .data          0x0000000000000000        0x0 /home/julius/University/JKU/NetworkedES/arm/bin/../lib/gcc/arm-none-eabi/10.3.1/../../../../arm-none-eabi/lib/thumb/v7e-m+dp/hard/crt0.o
 .bss           0x0000000000000000        0x0 /home/julius/University/JKU/NetworkedES/arm/bin/../lib/gcc/arm-none-eabi/10.3.1/../../../../arm-none-eabi/lib/thumb/v7e-m+dp/hard/crt0.o
 .ARM.extab     0x0000000000000000        0x0 /home/julius/University/JKU/NetworkedES/arm/bin/../lib/gcc/arm-none-eabi/10.3.1/../../../../arm-none-eabi/lib/thumb/v7e-m+dp/hard/crt0.o
 .ARM.exidx     0x0000000000000000       0x10 /home/julius/University/JKU/NetworkedES/arm/bin/../lib/gcc/arm-none-eabi/10.3.1/../../../../arm-none-eabi/lib/thumb/v7e-m+dp/hard/crt0.o
 .ARM.attributes
                0x0000000000000000       0x1c /home/julius/University/JKU/NetworkedES/arm/bin/../lib/gcc/arm-none-eabi/10.3.1/../../../../arm-none-eabi/lib/thumb/v7e-m+dp/hard/crt0.o
 .text          0x0000000000000000        0x0 build/main.o
 .data          0x0000000000000000        0x0 build/main.o
 .bss           0x0000000000000000        0x0 build/main.o
 .text          0x0000000000000000        0x0 build/gpio.o
 .data          0x0000000000000000        0x0 build/gpio.o
 .bss           0x0000000000000000        0x0 build/gpio.o
 .text          0x0000000000000000        0x0 build/adc.o
 .data          0x0000000000000000        0x0 build/adc.o
[...]
Memory Configuration

Name             Origin             Length             Attributes
DTCMRAM          0x0000000020000000 0x0000000000020000 xrw
RAM_D1           0x0000000024000000 0x0000000000080000 xrw
RAM_D2           0x0000000030000000 0x0000000000048000 xrw
RAM_D3           0x0000000038000000 0x0000000000010000 xrw
ITCMRAM          0x0000000000000000 0x0000000000010000 xrw
FLASH            0x0000000008000000 0x0000000000200000 xr
*default*        0x0000000000000000 0xffffffffffffffff

Linker script and memory map

LOAD /home/julius/University/JKU/NetworkedES/arm/bin/../lib/gcc/arm-none-eabi/10.3.1/thumb/v7e-m+dp/hard/crti.o
LOAD /home/julius/University/JKU/NetworkedES/arm/bin/../lib/gcc/arm-none-eabi/10.3.1/thumb/v7e-m+dp/hard/crtbegin.o
LOAD /home/julius/University/JKU/NetworkedES/arm/bin/../lib/gcc/arm-none-eabi/10.3.1/../../../../arm-none-eabi/lib/thumb/v7e-m+dp/hard/crt0.o
LOAD build/main.o
LOAD build/gpio.o
LOAD build/adc.o
LOAD build/dac.o
LOAD build/dma.o
LOAD build/fmc.o
LOAD build/hrtim.o
LOAD build/i2c.o
LOAD build/usart.o
LOAD build/rtc.o
LOAD build/spi.o
LOAD build/tim.o
LOAD build/usb_otg.o
LOAD build/stm32h7xx_it.o
LOAD build/stm32h7xx_hal_msp.o
LOAD build/stm32h7xx_hal_adc.o
LOAD build/stm32h7xx_hal_adc_ex.o
LOAD build/stm32h7xx_hal_rcc.o
LOAD build/stm32h7xx_hal_rcc_ex.o
LOAD build/stm32h7xx_hal_flash.o
LOAD build/stm32h7xx_hal_flash_ex.o
LOAD build/stm32h7xx_hal_gpio.o
LOAD build/stm32h7xx_hal_hsem.o
LOAD build/stm32h7xx_hal_dma.o
LOAD build/stm32h7xx_hal_dma_ex.o
LOAD build/stm32h7xx_hal_mdma.o
LOAD build/stm32h7xx_hal_pwr.o
LOAD build/stm32h7xx_hal_pwr_ex.o
LOAD build/stm32h7xx_hal_cortex.o
LOAD build/stm32h7xx_hal.o
LOAD build/stm32h7xx_hal_i2c.o
LOAD build/stm32h7xx_hal_i2c_ex.o
LOAD build/stm32h7xx_hal_exti.o
LOAD build/stm32h7xx_hal_dac.o
LOAD build/stm32h7xx_hal_dac_ex.o
LOAD build/stm32h7xx_ll_fmc.o
LOAD build/stm32h7xx_hal_sdram.o
LOAD build/stm32h7xx_hal_hrtim.o
LOAD build/stm32h7xx_hal_uart.o
LOAD build/stm32h7xx_hal_uart_ex.o
LOAD build/stm32h7xx_hal_usart.o
LOAD build/stm32h7xx_hal_usart_ex.o
LOAD build/stm32h7xx_hal_rtc.o
LOAD build/stm32h7xx_hal_rtc_ex.o
LOAD build/stm32h7xx_hal_spi.o
LOAD build/stm32h7xx_hal_spi_ex.o
LOAD build/stm32h7xx_hal_tim.o
LOAD build/stm32h7xx_hal_tim_ex.o
LOAD build/system_stm32h7xx.o
LOAD build/startup_stm32h743xx.o
LOAD /home/julius/University/JKU/NetworkedES/arm/bin/../lib/gcc/arm-none-eabi/10.3.1/../../../../arm-none-eabi/lib/thumb/v7e-m+dp/hard/libc_nano.a
LOAD /home/julius/University/JKU/NetworkedES/arm/bin/../lib/gcc/arm-none-eabi/10.3.1/../../../../arm-none-eabi/lib/thumb/v7e-m+dp/hard/libm.a
LOAD /home/julius/University/JKU/NetworkedES/arm/bin/../lib/gcc/arm-none-eabi/10.3.1/../../../../arm-none-eabi/lib/thumb/v7e-m+dp/hard/libnosys.a
START GROUP
LOAD /home/julius/University/JKU/NetworkedES/arm/bin/../lib/gcc/arm-none-eabi/10.3.1/thumb/v7e-m+dp/hard/libgcc.a
LOAD /home/julius/University/JKU/NetworkedES/arm/bin/../lib/gcc/arm-none-eabi/10.3.1/../../../../arm-none-eabi/lib/thumb/v7e-m+dp/hard/libc_nano.a
END GROUP
START GROUP
LOAD /home/julius/University/JKU/NetworkedES/arm/bin/../lib/gcc/arm-none-eabi/10.3.1/thumb/v7e-m+dp/hard/libgcc.a
LOAD /home/julius/University/JKU/NetworkedES/arm/bin/../lib/gcc/arm-none-eabi/10.3.1/../../../../arm-none-eabi/lib/thumb/v7e-m+dp/hard/libc_nano.a
END GROUP
LOAD /home/julius/University/JKU/NetworkedES/arm/bin/../lib/gcc/arm-none-eabi/10.3.1/thumb/v7e-m+dp/hard/crtend.o
LOAD /home/julius/University/JKU/NetworkedES/arm/bin/../lib/gcc/arm-none-eabi/10.3.1/thumb/v7e-m+dp/hard/crtn.o
                0x0000000020020000                _estack = (ORIGIN (DTCMRAM) + LENGTH (DTCMRAM))
                0x0000000000000200                _Min_Heap_Size = 0x200
                0x0000000000000400                _Min_Stack_Size = 0x400

.isr_vector     0x0000000008000000      0x298
                0x0000000008000000                . = ALIGN (0x4)
 *(.isr_vector)
 .isr_vector    0x0000000008000000      0x298 build/startup_stm32h743xx.o
                0x0000000008000000                g_pfnVectors
                0x0000000008000298                . = ALIGN (0x4)

.text           0x0000000008000298     0xa0bc
                0x0000000008000298                . = ALIGN (0x4)
 *(.text)
 .text          0x0000000008000298       0x40 /home/julius/University/JKU/NetworkedES/arm/bin/../lib/gcc/arm-none-eabi/10.3.1/thumb/v7e-m+dp/hard/crtbegin.o
 .text          0x00000000080002d8       0x30 /home/julius/University/JKU/NetworkedES/arm/bin/../lib/gcc/arm-none-eabi/10.3.1/thumb/v7e-m+dp/hard/libgcc.a(_aeabi_uldivmod.o)
                0x00000000080002d8                __aeabi_uldivmod
 .text          0x0000000008000308      0x2d0 /home/julius/University/JKU/NetworkedES/arm/bin/../lib/gcc/arm-none-eabi/10.3.1/thumb/v7e-m+dp/hard/libgcc.a(_udivmoddi4.o)
                0x0000000008000308                __udivmoddi4
 .text          0x00000000080005d8        0x4 /home/julius/University/JKU/NetworkedES/arm/bin/../lib/gcc/arm-none-eabi/10.3.1/thumb/v7e-m+dp/hard/libgcc.a(_dvmd_tls.o)
                0x00000000080005d8                __aeabi_ldiv0
                0x00000000080005d8                __aeabi_idiv0
 *(.text*)
 .text.Error_Handler
                0x00000000080005dc        0x4 build/main.o
                0x00000000080005dc                Error_Handler
 .text.SystemClock_Config
                0x00000000080005e0       0xdc build/main.o
                0x00000000080005e0                SystemClock_Config
 .text.PeriphCommonClock_Config
                0x00000000080006bc       0x48 build/main.o
                0x00000000080006bc                PeriphCommonClock_Config
 .text.main     0x0000000008000704      0x134 build/main.o
                0x0000000008000704                main
 .text.MX_GPIO_Init
                0x0000000008000838      0x288 build/gpio.o
                0x0000000008000838                MX_GPIO_Init
 .text.MX_ADC1_Init
                0x0000000008000ac0       0xa8 build/adc.o
                0x0000000008000ac0                MX_ADC1_Init
 .text.MX_ADC2_Init
                0x0000000008000b68       0x8c build/adc.o
                0x0000000008000b68                MX_ADC2_Init
 .text.MX_ADC3_Init
                0x0000000008000bf4       0x94 build/adc.o
                0x0000000008000bf4                MX_ADC3_Init
 .text.HAL_ADC_MspInit
                0x0000000008000c88      0x280 build/adc.o
                0x0000000008000c88                HAL_ADC_MspInit
 .text.MX_DAC1_Init
                0x0000000008000f08       0x60 build/dac.o
                0x0000000008000f08                MX_DAC1_Init
 .text.HAL_DAC_MspInit
                0x0000000008000f68       0xf8 build/dac.o
                0x0000000008000f68                HAL_DAC_MspInit
 .text.MX_DMA_Init
                0x0000000008001060       0x58 build/dma.o
                0x0000000008001060                MX_DMA_Init
 .text.HAL_FMC_MspInit
                0x00000000080010b8      0x108 build/fmc.o
 .text.MX_FMC_Init
                0x00000000080011c0       0x60 build/fmc.o
                0x00000000080011c0                MX_FMC_Init
 .text.HAL_SDRAM_MspInit
                0x0000000008001220        0x8 build/fmc.o
                0x0000000008001220                HAL_SDRAM_MspInit
 .text.HAL_HRTIM_MspInit
                0x0000000008001228       0x98 build/hrtim.o
                0x0000000008001228                HAL_HRTIM_MspInit
 .text.HAL_HRTIM_MspPostInit
                0x00000000080012c0       0xbc build/hrtim.o
                0x00000000080012c0                HAL_HRTIM_MspPostInit
 .text.MX_HRTIM_Init
                0x000000000800137c      0x184 build/hrtim.o
                0x000000000800137c                MX_HRTIM_Init
 .text.MX_I2C2_Init
                0x0000000008001500       0x58 build/i2c.o
                0x0000000008001500                MX_I2C2_Init
 .text.MX_I2C3_Init
                0x0000000008001558       0x58 build/i2c.o
                0x0000000008001558                MX_I2C3_Init
 .text.MX_I2C4_Init
                0x00000000080015b0       0x58 build/i2c.o
                0x00000000080015b0                MX_I2C4_Init
 .text.HAL_I2C_MspInit
                0x0000000008001608      0x1b0 build/i2c.o
                0x0000000008001608                HAL_I2C_MspInit
 .text.MX_LPUART1_UART_Init
                0x00000000080017b8       0x6c build/usart.o
                0x00000000080017b8                MX_LPUART1_UART_Init
 .text.MX_UART4_Init
                0x0000000008001824       0x68 build/usart.o
                0x0000000008001824                MX_UART4_Init
 .text.MX_UART7_Init
                0x000000000800188c       0x68 build/usart.o
                0x000000000800188c                MX_UART7_Init
 .text.MX_UART8_Init
                0x00000000080018f4       0x68 build/usart.o
                0x00000000080018f4                MX_UART8_Init
 .text.MX_USART1_Init
                0x000000000800195c       0x68 build/usart.o
                0x000000000800195c                MX_USART1_Init
 .text.MX_USART2_UART_Init
                0x00000000080019c4       0x68 build/usart.o
                0x00000000080019c4                MX_USART2_UART_Init
 .text.HAL_UART_MspInit
                0x0000000008001a2c      0x300 build/usart.o
                0x0000000008001a2c                HAL_UART_MspInit
 .text.HAL_USART_MspInit
                0x0000000008001d2c       0xd0 build/usart.o
                0x0000000008001d2c                HAL_USART_MspInit
 .text.MX_RTC_Init
                0x0000000008001dfc       0x34 build/rtc.o
                0x0000000008001dfc                MX_RTC_Init
 .text.HAL_RTC_MspInit
                0x0000000008001e30       0x50 build/rtc.o
                0x0000000008001e30                HAL_RTC_MspInit
 .text.MX_SPI1_Init
                0x0000000008001e80       0x58 build/spi.o
                0x0000000008001e80                MX_SPI1_Init
 .text.MX_SPI2_Init
                0x0000000008001ed8       0x58 build/spi.o
                0x0000000008001ed8                MX_SPI2_Init
 .text.MX_SPI5_Init
                0x0000000008001f30       0x58 build/spi.o
                0x0000000008001f30                MX_SPI5_Init
 .text.MX_SPI6_Init
                0x0000000008001f88       0x58 build/spi.o
                0x0000000008001f88                MX_SPI6_Init
 .text.HAL_SPI_MspInit
                0x0000000008001fe0      0x290 build/spi.o
                0x0000000008001fe0                HAL_SPI_MspInit
 .text.MX_TIM1_Init
                0x0000000008002270       0x78 build/tim.o
                0x0000000008002270                MX_TIM1_Init
 .text.MX_TIM4_Init
                0x00000000080022e8       0xa8 build/tim.o
                0x00000000080022e8                MX_TIM4_Init
 .text.MX_TIM5_Init
                0x0000000008002390       0x64 build/tim.o
                0x0000000008002390                MX_TIM5_Init
 .text.MX_TIM6_Init
                0x00000000080023f4       0x50 build/tim.o
                0x00000000080023f4                MX_TIM6_Init
 .text.MX_TIM7_Init
                0x0000000008002444       0x50 build/tim.o
                0x0000000008002444                MX_TIM7_Init
 .text.MX_TIM8_Init
                0x0000000008002494       0x68 build/tim.o
                0x0000000008002494                MX_TIM8_Init
 .text.MX_TIM12_Init
                0x00000000080024fc       0x9c build/tim.o
                0x00000000080024fc                MX_TIM12_Init
 .text.MX_TIM13_Init
                0x0000000008002598       0x30 build/tim.o
                0x0000000008002598                MX_TIM13_Init
 .text.MX_TIM15_Init
                0x00000000080025c8       0x7c build/tim.o
                0x00000000080025c8                MX_TIM15_Init
 .text.MX_TIM16_Init
                0x0000000008002644       0x30 build/tim.o
                0x0000000008002644                MX_TIM16_Init
 .text.MX_TIM17_Init
                0x0000000008002674       0x30 build/tim.o
                0x0000000008002674                MX_TIM17_Init
 .text.HAL_TIM_Base_MspInit
                0x00000000080026a4      0x128 build/tim.o
                0x00000000080026a4                HAL_TIM_Base_MspInit
 .text.HAL_TIM_IC_MspInit
                0x00000000080027cc      0x1d0 build/tim.o
                0x00000000080027cc                HAL_TIM_IC_MspInit
 .text.HAL_TIM_PWM_MspInit
                0x000000000800299c       0x34 build/tim.o
                0x000000000800299c                HAL_TIM_PWM_MspInit
 .text.HAL_TIM_Encoder_MspInit
                0x00000000080029d0       0xc8 build/tim.o
                0x00000000080029d0                HAL_TIM_Encoder_MspInit
 .text.HAL_TIM_MspPostInit
                0x0000000008002a98       0xd0 build/tim.o
                0x0000000008002a98                HAL_TIM_MspPostInit
 .text.MX_TIM2_Init
                0x0000000008002b68       0xc8 build/tim.o
                0x0000000008002b68                MX_TIM2_Init
 .text.MX_TIM3_Init
                0x0000000008002c30       0x80 build/tim.o
                0x0000000008002c30                MX_TIM3_Init
 .text.MX_TIM14_Init
                0x0000000008002cb0       0x74 build/tim.o
                0x0000000008002cb0                MX_TIM14_Init
 .text.MX_USB_OTG_FS_USB_Init
                0x0000000008002d24        0x2 build/usb_otg.o
                0x0000000008002d24                MX_USB_OTG_FS_USB_Init
 .text.NMI_Handler
                0x0000000008002d26        0x2 build/stm32h7xx_it.o
                0x0000000008002d26                NMI_Handler
 .text.HardFault_Handler
                0x0000000008002d28        0x2 build/stm32h7xx_it.o
                0x0000000008002d28                HardFault_Handler
 .text.MemManage_Handler
                0x0000000008002d2a        0x2 build/stm32h7xx_it.o
                0x0000000008002d2a                MemManage_Handler
 .text.BusFault_Handler
                0x0000000008002d2c        0x2 build/stm32h7xx_it.o
                0x0000000008002d2c                BusFault_Handler
 .text.UsageFault_Handler
                0x0000000008002d2e        0x2 build/stm32h7xx_it.o
                0x0000000008002d2e                UsageFault_Handler
 .text.SVC_Handler
                0x0000000008002d30        0x2 build/stm32h7xx_it.o
                0x0000000008002d30                SVC_Handler
 .text.DebugMon_Handler
                0x0000000008002d32        0x2 build/stm32h7xx_it.o
                0x0000000008002d32                DebugMon_Handler
 .text.PendSV_Handler
                0x0000000008002d34        0x2 build/stm32h7xx_it.o
                0x0000000008002d34                PendSV_Handler
 .text.SysTick_Handler
                0x0000000008002d36        0x8 build/stm32h7xx_it.o
                0x0000000008002d36                SysTick_Handler
 *fill*         0x0000000008002d3e        0x2 
 .text.DMA1_Stream2_IRQHandler
                0x0000000008002d40       0x10 build/stm32h7xx_it.o
                0x0000000008002d40                DMA1_Stream2_IRQHandler
 .text.DMA1_Stream3_IRQHandler
                0x0000000008002d50       0x10 build/stm32h7xx_it.o
                0x0000000008002d50                DMA1_Stream3_IRQHandler
 .text.DMA1_Stream4_IRQHandler
                0x0000000008002d60       0x10 build/stm32h7xx_it.o
                0x0000000008002d60                DMA1_Stream4_IRQHandler
 .text.ADC_IRQHandler
                0x0000000008002d70       0x18 build/stm32h7xx_it.o
                0x0000000008002d70                ADC_IRQHandler
 .text.TIM1_UP_IRQHandler
                0x0000000008002d88       0x10 build/stm32h7xx_it.o
                0x0000000008002d88                TIM1_UP_IRQHandler
 .text.HAL_MspInit
                0x0000000008002d98       0x24 build/stm32h7xx_hal_msp.o
                0x0000000008002d98                HAL_MspInit
 .text.HAL_ADC_ConvCpltCallback
                0x0000000008002dbc        0x2 build/stm32h7xx_hal_adc.o
                0x0000000008002dbc                HAL_ADC_ConvCpltCallback
 .text.HAL_ADC_LevelOutOfWindowCallback
                0x0000000008002dbe        0x2 build/stm32h7xx_hal_adc.o
                0x0000000008002dbe                HAL_ADC_LevelOutOfWindowCallback
 .text.HAL_ADC_ErrorCallback
                0x0000000008002dc0        0x2 build/stm32h7xx_hal_adc.o
                0x0000000008002dc0                HAL_ADC_ErrorCallback
 *fill*         0x0000000008002dc2        0x2 
 .text.HAL_ADC_IRQHandler
                0x0000000008002dc4      0x2d8 build/stm32h7xx_hal_adc.o
                0x0000000008002dc4                HAL_ADC_IRQHandler
 .text.HAL_ADC_ConfigChannel
                0x000000000800309c      0x4e8 build/stm32h7xx_hal_adc.o
                0x000000000800309c                HAL_ADC_ConfigChannel
 .text.ADC_ConfigureBoostMode
                0x0000000008003584      0x164 build/stm32h7xx_hal_adc.o
                0x0000000008003584                ADC_ConfigureBoostMode
 .text.HAL_ADC_Init
                0x00000000080036e8      0x264 build/stm32h7xx_hal_adc.o
                0x00000000080036e8                HAL_ADC_Init
 .text.HAL_ADCEx_InjectedConvCpltCallback
                0x000000000800394c        0x2 build/stm32h7xx_hal_adc_ex.o
                0x000000000800394c                HAL_ADCEx_InjectedConvCpltCallback
 .text.HAL_ADCEx_InjectedQueueOverflowCallback
                0x000000000800394e        0x2 build/stm32h7xx_hal_adc_ex.o
                0x000000000800394e                HAL_ADCEx_InjectedQueueOverflowCallback
 .text.HAL_ADCEx_LevelOutOfWindow2Callback
                0x0000000008003950        0x2 build/stm32h7xx_hal_adc_ex.o
                0x0000000008003950                HAL_ADCEx_LevelOutOfWindow2Callback
 .text.HAL_ADCEx_LevelOutOfWindow3Callback
                0x0000000008003952        0x2 build/stm32h7xx_hal_adc_ex.o
                0x0000000008003952                HAL_ADCEx_LevelOutOfWindow3Callback
 .text.HAL_ADCEx_EndOfSamplingCallback
                0x0000000008003954        0x2 build/stm32h7xx_hal_adc_ex.o
                0x0000000008003954                HAL_ADCEx_EndOfSamplingCallback
 *fill*         0x0000000008003956        0x2 
 .text.HAL_ADCEx_MultiModeConfigChannel
                0x0000000008003958      0x164 build/stm32h7xx_hal_adc_ex.o
                0x0000000008003958                HAL_ADCEx_MultiModeConfigChannel
 .text.HAL_RCC_OscConfig
                0x0000000008003abc      0x6b4 build/stm32h7xx_hal_rcc.o
                0x0000000008003abc                HAL_RCC_OscConfig
 .text.HAL_RCC_GetSysClockFreq
                0x0000000008004170      0x1f4 build/stm32h7xx_hal_rcc.o
                0x0000000008004170                HAL_RCC_GetSysClockFreq
 .text.HAL_RCC_ClockConfig
                0x0000000008004364      0x294 build/stm32h7xx_hal_rcc.o
                0x0000000008004364                HAL_RCC_ClockConfig
 .text.HAL_RCC_GetHCLKFreq
                0x00000000080045f8       0x44 build/stm32h7xx_hal_rcc.o
                0x00000000080045f8                HAL_RCC_GetHCLKFreq
 .text.HAL_RCC_GetPCLK1Freq
                0x000000000800463c       0x24 build/stm32h7xx_hal_rcc.o
                0x000000000800463c                HAL_RCC_GetPCLK1Freq
 .text.HAL_RCC_GetPCLK2Freq
                0x0000000008004660       0x24 build/stm32h7xx_hal_rcc.o
                0x0000000008004660                HAL_RCC_GetPCLK2Freq
 .text.RCCEx_PLL2_Config
                0x0000000008004684      0x10c build/stm32h7xx_hal_rcc_ex.o
 .text.RCCEx_PLL3_Config
                0x0000000008004790      0x10c build/stm32h7xx_hal_rcc_ex.o
 .text.HAL_RCCEx_PeriphCLKConfig
                0x000000000800489c      0xa8c build/stm32h7xx_hal_rcc_ex.o
                0x000000000800489c                HAL_RCCEx_PeriphCLKConfig
 .text.HAL_RCCEx_GetD3PCLK1Freq
                0x0000000008005328       0x24 build/stm32h7xx_hal_rcc_ex.o
                0x0000000008005328                HAL_RCCEx_GetD3PCLK1Freq
 .text.HAL_RCCEx_GetPLL2ClockFreq
                0x000000000800534c      0x1f8 build/stm32h7xx_hal_rcc_ex.o
                0x000000000800534c                HAL_RCCEx_GetPLL2ClockFreq
 .text.HAL_RCCEx_GetPLL3ClockFreq
                0x0000000008005544      0x1f8 build/stm32h7xx_hal_rcc_ex.o
                0x0000000008005544                HAL_RCCEx_GetPLL3ClockFreq
 .text.HAL_RCCEx_GetPLL1ClockFreq
                0x000000000800573c      0x1f8 build/stm32h7xx_hal_rcc_ex.o
                0x000000000800573c                HAL_RCCEx_GetPLL1ClockFreq
 .text.HAL_RCCEx_GetPeriphCLKFreq
                0x0000000008005934      0x6d0 build/stm32h7xx_hal_rcc_ex.o
                0x0000000008005934                HAL_RCCEx_GetPeriphCLKFreq
 .text.HAL_GPIO_Init
                0x0000000008006004      0x220 build/stm32h7xx_hal_gpio.o
                0x0000000008006004                HAL_GPIO_Init
 .text.HAL_GPIO_WritePin
                0x0000000008006224        0xc build/stm32h7xx_hal_gpio.o
                0x0000000008006224                HAL_GPIO_WritePin
 .text.DMA_CalcBaseAndBitshift
                0x0000000008006230       0xb4 build/stm32h7xx_hal_dma.o
 .text.DMA_CheckFifoParam
                0x00000000080062e4       0x92 build/stm32h7xx_hal_dma.o
 *fill*         0x0000000008006376        0x2 
 .text.DMA_CalcDMAMUXChannelBaseAndMask
                0x0000000008006378       0xb0 build/stm32h7xx_hal_dma.o
 .text.DMA_CalcDMAMUXRequestGenBaseAndMask
                0x0000000008006428       0x7c build/stm32h7xx_hal_dma.o
 .text.HAL_DMA_Init
                0x00000000080064a4      0x3a4 build/stm32h7xx_hal_dma.o
                0x00000000080064a4                HAL_DMA_Init
 .text.HAL_DMA_IRQHandler
                0x0000000008006848      0x738 build/stm32h7xx_hal_dma.o
                0x0000000008006848                HAL_DMA_IRQHandler
 .text.HAL_PWREx_ConfigSupply
                0x0000000008006f80       0x54 build/stm32h7xx_hal_pwr_ex.o
                0x0000000008006f80                HAL_PWREx_ConfigSupply
 .text.HAL_NVIC_SetPriorityGrouping
                0x0000000008006fd4       0x24 build/stm32h7xx_hal_cortex.o
                0x0000000008006fd4                HAL_NVIC_SetPriorityGrouping
 .text.HAL_NVIC_SetPriority
                0x0000000008006ff8       0x6c build/stm32h7xx_hal_cortex.o
                0x0000000008006ff8                HAL_NVIC_SetPriority
 .text.HAL_NVIC_EnableIRQ
                0x0000000008007064       0x1c build/stm32h7xx_hal_cortex.o
                0x0000000008007064                HAL_NVIC_EnableIRQ
 .text.HAL_SYSTICK_Config
                0x0000000008007080       0x28 build/stm32h7xx_hal_cortex.o
                0x0000000008007080                HAL_SYSTICK_Config
 .text.HAL_InitTick
                0x00000000080070a8       0x50 build/stm32h7xx_hal.o
                0x00000000080070a8                HAL_InitTick
 .text.HAL_Init
                0x00000000080070f8       0x5c build/stm32h7xx_hal.o
                0x00000000080070f8                HAL_Init
 .text.HAL_IncTick
                0x0000000008007154       0x18 build/stm32h7xx_hal.o
                0x0000000008007154                HAL_IncTick
 .text.HAL_GetTick
                0x000000000800716c        0xc build/stm32h7xx_hal.o
                0x000000000800716c                HAL_GetTick
 .text.HAL_Delay
                0x0000000008007178       0x28 build/stm32h7xx_hal.o
                0x0000000008007178                HAL_Delay
 .text.HAL_GetREVID
                0x00000000080071a0        0xc build/stm32h7xx_hal.o
                0x00000000080071a0                HAL_GetREVID
 .text.HAL_SYSCFG_AnalogSwitchConfig
                0x00000000080071ac       0x14 build/stm32h7xx_hal.o
                0x00000000080071ac                HAL_SYSCFG_AnalogSwitchConfig
 .text.HAL_I2C_Init
                0x00000000080071c0       0xbc build/stm32h7xx_hal_i2c.o
                0x00000000080071c0                HAL_I2C_Init
 .text.HAL_I2CEx_ConfigAnalogFilter
                0x000000000800727c       0x5c build/stm32h7xx_hal_i2c_ex.o
                0x000000000800727c                HAL_I2CEx_ConfigAnalogFilter
 .text.HAL_I2CEx_ConfigDigitalFilter
                0x00000000080072d8       0x58 build/stm32h7xx_hal_i2c_ex.o
                0x00000000080072d8                HAL_I2CEx_ConfigDigitalFilter
 .text.HAL_DAC_Init
                0x0000000008007330       0x24 build/stm32h7xx_hal_dac.o
                0x0000000008007330                HAL_DAC_Init
 .text.HAL_DAC_ConfigChannel
                0x0000000008007354      0x170 build/stm32h7xx_hal_dac.o
                0x0000000008007354                HAL_DAC_ConfigChannel
 .text.FMC_SDRAM_Init
                0x00000000080074c4       0x74 build/stm32h7xx_ll_fmc.o
                0x00000000080074c4                FMC_SDRAM_Init
 .text.FMC_SDRAM_Timing_Init
                0x0000000008007538       0xa8 build/stm32h7xx_ll_fmc.o
                0x0000000008007538                FMC_SDRAM_Timing_Init
 .text.HAL_SDRAM_Init
                0x00000000080075e0       0x50 build/stm32h7xx_hal_sdram.o
                0x00000000080075e0                HAL_SDRAM_Init
 .text.HRTIM_MasterBase_Config
                0x0000000008007630       0x2a build/stm32h7xx_hal_hrtim.o
 .text.HRTIM_TimingUnitBase_Config
                0x000000000800765a       0x40 build/stm32h7xx_hal_hrtim.o
 .text.HRTIM_MasterWaveform_Config
                0x000000000800769a       0x58 build/stm32h7xx_hal_hrtim.o
 .text.HRTIM_TimingUnitWaveform_Config
                0x00000000080076f2      0x14c build/stm32h7xx_hal_hrtim.o
 .text.HRTIM_OutputConfig
                0x000000000800783e       0xf0 build/stm32h7xx_hal_hrtim.o
 .text.HRTIM_ForceRegistersUpdate
                0x000000000800792e       0x6e build/stm32h7xx_hal_hrtim.o
 .text.HAL_HRTIM_Init
                0x000000000800799c       0xdc build/stm32h7xx_hal_hrtim.o
                0x000000000800799c                HAL_HRTIM_Init
 .text.HAL_HRTIM_TimeBaseConfig
                0x0000000008007a78       0x32 build/stm32h7xx_hal_hrtim.o
                0x0000000008007a78                HAL_HRTIM_TimeBaseConfig
 *fill*         0x0000000008007aaa        0x2 
 .text.HAL_HRTIM_FaultConfig
                0x0000000008007aac      0x190 build/stm32h7xx_hal_hrtim.o
                0x0000000008007aac                HAL_HRTIM_FaultConfig
 .text.HAL_HRTIM_FaultPrescalerConfig
                0x0000000008007c3c       0x4c build/stm32h7xx_hal_hrtim.o
                0x0000000008007c3c                HAL_HRTIM_FaultPrescalerConfig
 .text.HAL_HRTIM_FaultModeCtl
                0x0000000008007c88       0x9e build/stm32h7xx_hal_hrtim.o
                0x0000000008007c88                HAL_HRTIM_FaultModeCtl
 .text.HAL_HRTIM_WaveformTimerConfig
                0x0000000008007d26       0x70 build/stm32h7xx_hal_hrtim.o
                0x0000000008007d26                HAL_HRTIM_WaveformTimerConfig
 .text.HAL_HRTIM_WaveformOutputConfig
                0x0000000008007d96       0x38 build/stm32h7xx_hal_hrtim.o
                0x0000000008007d96                HAL_HRTIM_WaveformOutputConfig
 *fill*         0x0000000008007dce        0x2 
 .text.UART_EndRxTransfer
                0x0000000008007dd0       0x58 build/stm32h7xx_hal_uart.o
 .text.UART_SetConfig
                0x0000000008007e28      0x5f4 build/stm32h7xx_hal_uart.o
                0x0000000008007e28                UART_SetConfig
 .text.UART_AdvFeatureConfig
                0x000000000800841c       0xca build/stm32h7xx_hal_uart.o
                0x000000000800841c                UART_AdvFeatureConfig
 .text.UART_WaitOnFlagUntilTimeout
                0x00000000080084e6       0x9a build/stm32h7xx_hal_uart.o
                0x00000000080084e6                UART_WaitOnFlagUntilTimeout
 .text.UART_CheckIdleState
                0x0000000008008580       0xca build/stm32h7xx_hal_uart.o
                0x0000000008008580                UART_CheckIdleState
 .text.HAL_UART_Init
                0x000000000800864a       0x66 build/stm32h7xx_hal_uart.o
                0x000000000800864a                HAL_UART_Init
 .text.UARTEx_SetNbDataToProcess
                0x00000000080086b0       0x4c build/stm32h7xx_hal_uart_ex.o
 .text.HAL_UARTEx_DisableFifoMode
                0x00000000080086fc       0x3e build/stm32h7xx_hal_uart_ex.o
                0x00000000080086fc                HAL_UARTEx_DisableFifoMode
 .text.HAL_UARTEx_SetTxFifoThreshold
                0x000000000800873a       0x4a build/stm32h7xx_hal_uart_ex.o
                0x000000000800873a                HAL_UARTEx_SetTxFifoThreshold
 .text.HAL_UARTEx_SetRxFifoThreshold
                0x0000000008008784       0x4a build/stm32h7xx_hal_uart_ex.o
                0x0000000008008784                HAL_UARTEx_SetRxFifoThreshold
 *fill*         0x00000000080087ce        0x2 
 .text.USART_SetConfig
                0x00000000080087d0      0x5d8 build/stm32h7xx_hal_usart.o
 .text.USART_WaitOnFlagUntilTimeout
                0x0000000008008da8       0x54 build/stm32h7xx_hal_usart.o
 .text.USART_CheckIdleState
                0x0000000008008dfc       0x6c build/stm32h7xx_hal_usart.o
 .text.HAL_USART_Init
                0x0000000008008e68       0x5a build/stm32h7xx_hal_usart.o
                0x0000000008008e68                HAL_USART_Init
 *fill*         0x0000000008008ec2        0x2 
 .text.USARTEx_SetNbDataToProcess
                0x0000000008008ec4       0x44 build/stm32h7xx_hal_usart_ex.o
 .text.HAL_USARTEx_DisableFifoMode
                0x0000000008008f08       0x3e build/stm32h7xx_hal_usart_ex.o
                0x0000000008008f08                HAL_USARTEx_DisableFifoMode
 .text.HAL_USARTEx_SetTxFifoThreshold
                0x0000000008008f46       0x48 build/stm32h7xx_hal_usart_ex.o
                0x0000000008008f46                HAL_USARTEx_SetTxFifoThreshold
 .text.HAL_USARTEx_SetRxFifoThreshold
                0x0000000008008f8e       0x48 build/stm32h7xx_hal_usart_ex.o
                0x0000000008008f8e                HAL_USARTEx_SetRxFifoThreshold
 *fill*         0x0000000008008fd6        0x2 
 .text.HAL_RTC_WaitForSynchro
                0x0000000008008fd8       0x34 build/stm32h7xx_hal_rtc.o
                0x0000000008008fd8                HAL_RTC_WaitForSynchro
 .text.RTC_EnterInitMode
                0x000000000800900c       0x44 build/stm32h7xx_hal_rtc.o
                0x000000000800900c                RTC_EnterInitMode
 .text.RTC_ExitInitMode
                0x0000000008009050       0x50 build/stm32h7xx_hal_rtc.o
                0x0000000008009050                RTC_ExitInitMode
 .text.HAL_RTC_Init
                0x00000000080090a0       0xa4 build/stm32h7xx_hal_rtc.o
                0x00000000080090a0                HAL_RTC_Init
 .text.SPI_GetPacketSize
                0x0000000008009144       0x10 build/stm32h7xx_hal_spi.o
 .text.HAL_SPI_Init
                0x0000000008009154      0x190 build/stm32h7xx_hal_spi.o
                0x0000000008009154                HAL_SPI_Init
 .text.TIM_OC1_SetConfig
                0x00000000080092e4       0xa8 build/stm32h7xx_hal_tim.o
 .text.TIM_OC3_SetConfig
                0x000000000800938c       0x94 build/stm32h7xx_hal_tim.o
 .text.TIM_OC4_SetConfig
                0x0000000008009420       0x74 build/stm32h7xx_hal_tim.o
 .text.TIM_OC5_SetConfig
                0x0000000008009494       0x74 build/stm32h7xx_hal_tim.o
 .text.TIM_OC6_SetConfig
                0x0000000008009508       0x74 build/stm32h7xx_hal_tim.o
 .text.TIM_TI1_ConfigInputStage
                0x000000000800957c       0x26 build/stm32h7xx_hal_tim.o
 .text.TIM_TI2_SetConfig
                0x00000000080095a2       0x36 build/stm32h7xx_hal_tim.o
 .text.TIM_TI2_ConfigInputStage
                0x00000000080095d8       0x28 build/stm32h7xx_hal_tim.o
 .text.TIM_TI3_SetConfig
                0x0000000008009600       0x36 build/stm32h7xx_hal_tim.o
 .text.TIM_TI4_SetConfig
                0x0000000008009636       0x36 build/stm32h7xx_hal_tim.o
 .text.TIM_ITRx_SetConfig
                0x000000000800966c       0x14 build/stm32h7xx_hal_tim.o
 .text.HAL_TIM_PeriodElapsedCallback
                0x0000000008009680        0x2 build/stm32h7xx_hal_tim.o
                0x0000000008009680                HAL_TIM_PeriodElapsedCallback
 .text.HAL_TIM_OC_DelayElapsedCallback
                0x0000000008009682        0x2 build/stm32h7xx_hal_tim.o
                0x0000000008009682                HAL_TIM_OC_DelayElapsedCallback
 .text.HAL_TIM_IC_CaptureCallback
                0x0000000008009684        0x2 build/stm32h7xx_hal_tim.o
                0x0000000008009684                HAL_TIM_IC_CaptureCallback
 .text.HAL_TIM_PWM_PulseFinishedCallback
                0x0000000008009686        0x2 build/stm32h7xx_hal_tim.o
                0x0000000008009686                HAL_TIM_PWM_PulseFinishedCallback
 .text.HAL_TIM_TriggerCallback
                0x0000000008009688        0x2 build/stm32h7xx_hal_tim.o
                0x0000000008009688                HAL_TIM_TriggerCallback
 .text.HAL_TIM_IRQHandler
                0x000000000800968a      0x19a build/stm32h7xx_hal_tim.o
                0x000000000800968a                HAL_TIM_IRQHandler
 .text.TIM_Base_SetConfig
                0x0000000008009824      0x104 build/stm32h7xx_hal_tim.o
                0x0000000008009824                TIM_Base_SetConfig
 .text.HAL_TIM_Base_Init
                0x0000000008009928       0x60 build/stm32h7xx_hal_tim.o
                0x0000000008009928                HAL_TIM_Base_Init
 .text.HAL_TIM_PWM_Init
                0x0000000008009988       0x60 build/stm32h7xx_hal_tim.o
                0x0000000008009988                HAL_TIM_PWM_Init
 .text.HAL_TIM_IC_Init
                0x00000000080099e8       0x60 build/stm32h7xx_hal_tim.o
                0x00000000080099e8                HAL_TIM_IC_Init
 .text.HAL_TIM_Encoder_Init
                0x0000000008009a48       0xb4 build/stm32h7xx_hal_tim.o
                0x0000000008009a48                HAL_TIM_Encoder_Init
 .text.TIM_OC2_SetConfig
                0x0000000008009afc       0x94 build/stm32h7xx_hal_tim.o
                0x0000000008009afc                TIM_OC2_SetConfig
 .text.HAL_TIM_PWM_ConfigChannel
                0x0000000008009b90      0x13a build/stm32h7xx_hal_tim.o
                0x0000000008009b90                HAL_TIM_PWM_ConfigChannel
 *fill*         0x0000000008009cca        0x2 
 .text.TIM_TI1_SetConfig
                0x0000000008009ccc       0x94 build/stm32h7xx_hal_tim.o
                0x0000000008009ccc                TIM_TI1_SetConfig
 .text.HAL_TIM_IC_ConfigChannel
                0x0000000008009d60       0xc4 build/stm32h7xx_hal_tim.o
                0x0000000008009d60                HAL_TIM_IC_ConfigChannel
 .text.TIM_ETR_SetConfig
                0x0000000008009e24       0x1a build/stm32h7xx_hal_tim.o
                0x0000000008009e24                TIM_ETR_SetConfig
 *fill*         0x0000000008009e3e        0x2 
 .text.HAL_TIM_ConfigClockSource
                0x0000000008009e40      0x138 build/stm32h7xx_hal_tim.o
                0x0000000008009e40                HAL_TIM_ConfigClockSource
 .text.TIM_SlaveTimer_SetConfig
                0x0000000008009f78      0x150 build/stm32h7xx_hal_tim.o
 .text.HAL_TIM_SlaveConfigSynchro
                0x000000000800a0c8       0x52 build/stm32h7xx_hal_tim.o
                0x000000000800a0c8                HAL_TIM_SlaveConfigSynchro
 *fill*         0x000000000800a11a        0x2 
 .text.HAL_TIMEx_MasterConfigSynchronization
                0x000000000800a11c       0xa0 build/stm32h7xx_hal_tim_ex.o
                0x000000000800a11c                HAL_TIMEx_MasterConfigSynchronization
 .text.HAL_TIMEx_CommutCallback
                0x000000000800a1bc        0x2 build/stm32h7xx_hal_tim_ex.o
                0x000000000800a1bc                HAL_TIMEx_CommutCallback
 .text.HAL_TIMEx_BreakCallback
                0x000000000800a1be        0x2 build/stm32h7xx_hal_tim_ex.o
                0x000000000800a1be                HAL_TIMEx_BreakCallback
 .text.HAL_TIMEx_Break2Callback
                0x000000000800a1c0        0x2 build/stm32h7xx_hal_tim_ex.o
                0x000000000800a1c0                HAL_TIMEx_Break2Callback
 *fill*         0x000000000800a1c2        0x2 
 .text.SystemInit
                0x000000000800a1c4       0xcc build/system_stm32h7xx.o
                0x000000000800a1c4                SystemInit
 .text.Reset_Handler
                0x000000000800a290       0x50 build/startup_stm32h743xx.o
                0x000000000800a290                Reset_Handler
 .text.Default_Handler
                0x000000000800a2e0        0x2 build/startup_stm32h743xx.o
                0x000000000800a2e0                RTC_Alarm_IRQHandler
                0x000000000800a2e0                EXTI2_IRQHandler
                0x000000000800a2e0                TIM8_CC_IRQHandler
                0x000000000800a2e0                HRTIM1_Master_IRQHandler
                0x000000000800a2e0                UART8_IRQHandler
                0x000000000800a2e0                SPI4_IRQHandler
                0x000000000800a2e0                TIM1_CC_IRQHandler
                0x000000000800a2e0                BDMA_Channel6_IRQHandler
                0x000000000800a2e0                DMA2_Stream5_IRQHandler
                0x000000000800a2e0                HRTIM1_FLT_IRQHandler
                0x000000000800a2e0                JPEG_IRQHandler
                0x000000000800a2e0                DMA1_Stream5_IRQHandler
                0x000000000800a2e0                BDMA_Channel1_IRQHandler
                0x000000000800a2e0                HRTIM1_TIMD_IRQHandler
                0x000000000800a2e0                TAMP_STAMP_IRQHandler
                0x000000000800a2e0                EXTI3_IRQHandler
                0x000000000800a2e0                LPTIM4_IRQHandler
                0x000000000800a2e0                TIM8_TRG_COM_TIM14_IRQHandler
                0x000000000800a2e0                LPTIM2_IRQHandler
                0x000000000800a2e0                DFSDM1_FLT1_IRQHandler
                0x000000000800a2e0                DMAMUX2_OVR_IRQHandler
                0x000000000800a2e0                TIM8_UP_TIM13_IRQHandler
                0x000000000800a2e0                I2C3_ER_IRQHandler
                0x000000000800a2e0                DFSDM1_FLT2_IRQHandler
                0x000000000800a2e0                MDMA_IRQHandler
                0x000000000800a2e0                LPTIM3_IRQHandler
                0x000000000800a2e0                HSEM1_IRQHandler
                0x000000000800a2e0                EXTI0_IRQHandler
                0x000000000800a2e0                I2C2_EV_IRQHandler
                0x000000000800a2e0                FPU_IRQHandler
                0x000000000800a2e0                OTG_HS_WKUP_IRQHandler
                0x000000000800a2e0                FDCAN1_IT1_IRQHandler
                0x000000000800a2e0                LTDC_ER_IRQHandler
                0x000000000800a2e0                DMA2_Stream2_IRQHandler
                0x000000000800a2e0                HRTIM1_TIME_IRQHandler
                0x000000000800a2e0                SPI1_IRQHandler
                0x000000000800a2e0                TIM6_DAC_IRQHandler
                0x000000000800a2e0                DCMI_IRQHandler
                0x000000000800a2e0                HRTIM1_TIMC_IRQHandler
                0x000000000800a2e0                DMA2_Stream3_IRQHandler
                0x000000000800a2e0                SAI2_IRQHandler
                0x000000000800a2e0                DFSDM1_FLT3_IRQHandler
                0x000000000800a2e0                USART6_IRQHandler
                0x000000000800a2e0                TIM17_IRQHandler
                0x000000000800a2e0                USART3_IRQHandler
                0x000000000800a2e0                BDMA_Channel7_IRQHandler
                0x000000000800a2e0                LPTIM5_IRQHandler
                0x000000000800a2e0                UART5_IRQHandler
                0x000000000800a2e0                ADC3_IRQHandler
                0x000000000800a2e0                DMA2_Stream0_IRQHandler
                0x000000000800a2e0                TIM4_IRQHandler
                0x000000000800a2e0                BDMA_Channel2_IRQHandler
                0x000000000800a2e0                QUADSPI_IRQHandler
                0x000000000800a2e0                I2C1_EV_IRQHandler
                0x000000000800a2e0                DMA1_Stream6_IRQHandler
                0x000000000800a2e0                DMAMUX1_OVR_IRQHandler
                0x000000000800a2e0                DMA1_Stream1_IRQHandler
                0x000000000800a2e0                TIM16_IRQHandler
                0x000000000800a2e0                UART4_IRQHandler
                0x000000000800a2e0                BDMA_Channel5_IRQHandler
                0x000000000800a2e0                TIM3_IRQHandler
                0x000000000800a2e0                RCC_IRQHandler
                0x000000000800a2e0                TIM8_BRK_TIM12_IRQHandler
                0x000000000800a2e0                TIM1_TRG_COM_IRQHandler
                0x000000000800a2e0                Default_Handler
                0x000000000800a2e0                ECC_IRQHandler
                0x000000000800a2e0                CEC_IRQHandler
                0x000000000800a2e0                EXTI15_10_IRQHandler
                0x000000000800a2e0                BDMA_Channel0_IRQHandler
                0x000000000800a2e0                DMA1_Stream7_IRQHandler
                0x000000000800a2e0                HRTIM1_TIMA_IRQHandler
                0x000000000800a2e0                SPI5_IRQHandler
                0x000000000800a2e0                TIM7_IRQHandler
                0x000000000800a2e0                SDMMC1_IRQHandler
                0x000000000800a2e0                TIM5_IRQHandler
                0x000000000800a2e0                DMA2_Stream7_IRQHandler
                0x000000000800a2e0                TIM15_IRQHandler
                0x000000000800a2e0                PVD_AVD_IRQHandler
                0x000000000800a2e0                I2C3_EV_IRQHandler
                0x000000000800a2e0                EXTI9_5_IRQHandler
                0x000000000800a2e0                RTC_WKUP_IRQHandler
                0x000000000800a2e0                LTDC_IRQHandler
                0x000000000800a2e0                SAI3_IRQHandler
                0x000000000800a2e0                ETH_WKUP_IRQHandler
                0x000000000800a2e0                SPDIF_RX_IRQHandler
                0x000000000800a2e0                SPI2_IRQHandler
                0x000000000800a2e0                OTG_HS_EP1_IN_IRQHandler
                0x000000000800a2e0                DMA1_Stream0_IRQHandler
                0x000000000800a2e0                CRS_IRQHandler
                0x000000000800a2e0                EXTI4_IRQHandler
                0x000000000800a2e0                RNG_IRQHandler
                0x000000000800a2e0                HRTIM1_TIMB_IRQHandler
                0x000000000800a2e0                FDCAN2_IT1_IRQHandler
                0x000000000800a2e0                ETH_IRQHandler
                0x000000000800a2e0                BDMA_Channel4_IRQHandler
                0x000000000800a2e0                OTG_HS_EP1_OUT_IRQHandler
                0x000000000800a2e0                WWDG_IRQHandler
                0x000000000800a2e0                SPI6_IRQHandler
                0x000000000800a2e0                MDIOS_IRQHandler
                0x000000000800a2e0                I2C4_EV_IRQHandler
                0x000000000800a2e0                FDCAN2_IT0_IRQHandler
                0x000000000800a2e0                LPUART1_IRQHandler
                0x000000000800a2e0                FDCAN1_IT0_IRQHandler
                0x000000000800a2e0                TIM2_IRQHandler
                0x000000000800a2e0                OTG_FS_WKUP_IRQHandler
                0x000000000800a2e0                OTG_HS_IRQHandler
                0x000000000800a2e0                DMA2D_IRQHandler
                0x000000000800a2e0                TIM1_BRK_IRQHandler
                0x000000000800a2e0                EXTI1_IRQHandler
                0x000000000800a2e0                SDMMC2_IRQHandler
                0x000000000800a2e0                OTG_FS_EP1_OUT_IRQHandler
                0x000000000800a2e0                BDMA_Channel3_IRQHandler
                0x000000000800a2e0                UART7_IRQHandler
                0x000000000800a2e0                MDIOS_WKUP_IRQHandler
                0x000000000800a2e0                USART2_IRQHandler
                0x000000000800a2e0                DFSDM1_FLT0_IRQHandler
                0x000000000800a2e0                SAI4_IRQHandler
                0x000000000800a2e0                I2C2_ER_IRQHandler
                0x000000000800a2e0                DMA2_Stream1_IRQHandler
                0x000000000800a2e0                FLASH_IRQHandler
                0x000000000800a2e0                DMA2_Stream4_IRQHandler
                0x000000000800a2e0                USART1_IRQHandler
                0x000000000800a2e0                OTG_FS_IRQHandler
                0x000000000800a2e0                SPI3_IRQHandler
                0x000000000800a2e0                WAKEUP_PIN_IRQHandler
                0x000000000800a2e0                OTG_FS_EP1_IN_IRQHandler
                0x000000000800a2e0                I2C1_ER_IRQHandler
                0x000000000800a2e0                FMC_IRQHandler
                0x000000000800a2e0                FDCAN_CAL_IRQHandler
                0x000000000800a2e0                SWPMI1_IRQHandler
                0x000000000800a2e0                COMP1_IRQHandler
                0x000000000800a2e0                LPTIM1_IRQHandler
                0x000000000800a2e0                I2C4_ER_IRQHandler
                0x000000000800a2e0                DMA2_Stream6_IRQHandler
                0x000000000800a2e0                SAI1_IRQHandler
 *fill*         0x000000000800a2e2        0x2 
 .text.__libc_init_array
                0x000000000800a2e4       0x48 /home/julius/University/JKU/NetworkedES/arm/bin/../lib/gcc/arm-none-eabi/10.3.1/../../../../arm-none-eabi/lib/thumb/v7e-m+dp/hard/libc_nano.a(lib_a-init.o)
                0x000000000800a2e4                __libc_init_array
 .text.memset   0x000000000800a32c       0x10 /home/julius/University/JKU/NetworkedES/arm/bin/../lib/gcc/arm-none-eabi/10.3.1/../../../../arm-none-eabi/lib/thumb/v7e-m+dp/hard/libc_nano.a(lib_a-memset.o)
                0x000000000800a32c                memset
 *(.glue_7)
 .glue_7        0x000000000800a33c        0x0 linker stubs
 *(.glue_7t)
 .glue_7t       0x000000000800a33c        0x0 linker stubs
 *(.eh_frame)
 .eh_frame      0x000000000800a33c        0x0 /home/julius/University/JKU/NetworkedES/arm/bin/../lib/gcc/arm-none-eabi/10.3.1/thumb/v7e-m+dp/hard/crtbegin.o
 *(.init)
 .init          0x000000000800a33c        0x4 /home/julius/University/JKU/NetworkedES/arm/bin/../lib/gcc/arm-none-eabi/10.3.1/thumb/v7e-m+dp/hard/crti.o
                0x000000000800a33c                _init
 .init          0x000000000800a340        0x8 /home/julius/University/JKU/NetworkedES/arm/bin/../lib/gcc/arm-none-eabi/10.3.1/thumb/v7e-m+dp/hard/crtn.o
 *(.fini)
 .fini          0x000000000800a348        0x4 /home/julius/University/JKU/NetworkedES/arm/bin/../lib/gcc/arm-none-eabi/10.3.1/thumb/v7e-m+dp/hard/crti.o
                0x000000000800a348                _fini
 .fini          0x000000000800a34c        0x8 /home/julius/University/JKU/NetworkedES/arm/bin/../lib/gcc/arm-none-eabi/10.3.1/thumb/v7e-m+dp/hard/crtn.o
                0x000000000800a354                . = ALIGN (0x4)
                0x000000000800a354                _etext = .

.vfp11_veneer   0x000000000800a354        0x0
 .vfp11_veneer  0x000000000800a354        0x0 linker stubs

.v4_bx          0x000000000800a354        0x0
 .v4_bx         0x000000000800a354        0x0 linker stubs

.iplt           0x000000000800a354        0x0
 .iplt          0x000000000800a354        0x0 /home/julius/University/JKU/NetworkedES/arm/bin/../lib/gcc/arm-none-eabi/10.3.1/thumb/v7e-m+dp/hard/crtbegin.o

.rodata         0x000000000800a354       0x50
                0x000000000800a354                . = ALIGN (0x4)
 *(.rodata)
 *(.rodata*)
 .rodata.flagBitshiftOffset.0
                0x000000000800a354        0x8 build/stm32h7xx_hal_dma.o
 .rodata.UARTPrescTable
                0x000000000800a35c       0x18 build/stm32h7xx_hal_uart.o
                0x000000000800a35c                UARTPrescTable
 .rodata.denominator.0
                0x000000000800a374        0x8 build/stm32h7xx_hal_uart_ex.o
 .rodata.numerator.1
                0x000000000800a37c        0x8 build/stm32h7xx_hal_uart_ex.o
 .rodata.denominator.0
                0x000000000800a384        0x8 build/stm32h7xx_hal_usart_ex.o
 .rodata.numerator.1
                0x000000000800a38c        0x8 build/stm32h7xx_hal_usart_ex.o
 .rodata.D1CorePrescTable
                0x000000000800a394       0x10 build/system_stm32h7xx.o
                0x000000000800a394                D1CorePrescTable
                0x000000000800a3a4                . = ALIGN (0x4)

.ARM.extab
 *(.ARM.extab* .gnu.linkonce.armextab.*)

.ARM            0x000000000800a3a4        0x8
                0x000000000800a3a4                __exidx_start = .
 *(.ARM.exidx*)
 .ARM.exidx     0x000000000800a3a4        0x8 /home/julius/University/JKU/NetworkedES/arm/bin/../lib/gcc/arm-none-eabi/10.3.1/thumb/v7e-m+dp/hard/libgcc.a(_udivmoddi4.o)
                0x000000000800a3ac                __exidx_end = .

.rel.dyn        0x000000000800a3ac        0x0
 .rel.iplt      0x000000000800a3ac        0x0 /home/julius/University/JKU/NetworkedES/arm/bin/../lib/gcc/arm-none-eabi/10.3.1/thumb/v7e-m+dp/hard/crtbegin.o

.preinit_array  0x000000000800a3ac        0x0
                0x000000000800a3ac                PROVIDE (__preinit_array_start = .)
 *(.preinit_array*)
                0x000000000800a3ac                PROVIDE (__preinit_array_end = .)

.init_array     0x000000000800a3ac        0x4
                0x000000000800a3ac                PROVIDE (__init_array_start = .)
 *(SORT_BY_NAME(.init_array.*))
 *(.init_array*)
 .init_array    0x000000000800a3ac        0x4 /home/julius/University/JKU/NetworkedES/arm/bin/../lib/gcc/arm-none-eabi/10.3.1/thumb/v7e-m+dp/hard/crtbegin.o
                0x000000000800a3b0                PROVIDE (__init_array_end = .)

.fini_array     0x000000000800a3b0        0x4
                [!provide]                        PROVIDE (__fini_array_start = .)
 *(SORT_BY_NAME(.fini_array.*))
 *(.fini_array*)
 .fini_array    0x000000000800a3b0        0x4 /home/julius/University/JKU/NetworkedES/arm/bin/../lib/gcc/arm-none-eabi/10.3.1/thumb/v7e-m+dp/hard/crtbegin.o
                [!provide]                        PROVIDE (__fini_array_end = .)
                0x000000000800a3b4                _sidata = LOADADDR (.data)

.data           0x0000000020000000       0x10 load address 0x000000000800a3b4
                0x0000000020000000                . = ALIGN (0x4)
                0x0000000020000000                _sdata = .
 *(.data)
 *(.data*)
 .data.uwTickFreq
                0x0000000020000000        0x1 build/stm32h7xx_hal.o
                0x0000000020000000                uwTickFreq
 *fill*         0x0000000020000001        0x3 
 .data.uwTickPrio
                0x0000000020000004        0x4 build/stm32h7xx_hal.o
                0x0000000020000004                uwTickPrio
 .data.SystemCoreClock
                0x0000000020000008        0x4 build/system_stm32h7xx.o
                0x0000000020000008                SystemCoreClock
 .data.SystemD2Clock
                0x000000002000000c        0x4 build/system_stm32h7xx.o
                0x000000002000000c                SystemD2Clock
                0x0000000020000010                . = ALIGN (0x4)
                0x0000000020000010                _edata = .

.igot.plt       0x0000000020000010        0x0 load address 0x000000000800a3c4
 .igot.plt      0x0000000020000010        0x0 /home/julius/University/JKU/NetworkedES/arm/bin/../lib/gcc/arm-none-eabi/10.3.1/thumb/v7e-m+dp/hard/crtbegin.o
                0x0000000020000010                . = ALIGN (0x4)

.bss            0x0000000020000010      0xe8c load address 0x000000000800a3c4
                0x0000000020000010                _sbss = .
                0x0000000020000010                __bss_start__ = _sbss
 *(.bss)
 .bss           0x0000000020000010       0x1c /home/julius/University/JKU/NetworkedES/arm/bin/../lib/gcc/arm-none-eabi/10.3.1/thumb/v7e-m+dp/hard/crtbegin.o
 *(.bss*)
 .bss.HAL_RCC_ADC12_CLK_ENABLED
                0x000000002000002c        0x4 build/adc.o
 .bss.hadc1     0x0000000020000030       0x64 build/adc.o
                0x0000000020000030                hadc1
 .bss.hadc2     0x0000000020000094       0x64 build/adc.o
                0x0000000020000094                hadc2
 .bss.hadc3     0x00000000200000f8       0x64 build/adc.o
                0x00000000200000f8                hadc3
 .bss.hdma_adc1
                0x000000002000015c       0x78 build/adc.o
                0x000000002000015c                hdma_adc1
 .bss.hdac1     0x00000000200001d4       0x14 build/dac.o
                0x00000000200001d4                hdac1
 .bss.hdma_dac1_ch1
                0x00000000200001e8       0x78 build/dac.o
                0x00000000200001e8                hdma_dac1_ch1
 .bss.hdma_dac1_ch2
                0x0000000020000260       0x78 build/dac.o
                0x0000000020000260                hdma_dac1_ch2
 .bss.FMC_Initialized
                0x00000000200002d8        0x4 build/fmc.o
 .bss.hsdram1   0x00000000200002dc       0x34 build/fmc.o
                0x00000000200002dc                hsdram1
 .bss.hhrtim    0x0000000020000310       0xdc build/hrtim.o
                0x0000000020000310                hhrtim
 .bss.hi2c2     0x00000000200003ec       0x54 build/i2c.o
                0x00000000200003ec                hi2c2
 .bss.hi2c3     0x0000000020000440       0x54 build/i2c.o
                0x0000000020000440                hi2c3
 .bss.hi2c4     0x0000000020000494       0x54 build/i2c.o
                0x0000000020000494                hi2c4
 .bss.hlpuart1  0x00000000200004e8       0x94 build/usart.o
                0x00000000200004e8                hlpuart1
 .bss.huart2    0x000000002000057c       0x94 build/usart.o
                0x000000002000057c                huart2
 .bss.huart4    0x0000000020000610       0x94 build/usart.o
                0x0000000020000610                huart4
 .bss.huart7    0x00000000200006a4       0x94 build/usart.o
                0x00000000200006a4                huart7
 .bss.huart8    0x0000000020000738       0x94 build/usart.o
                0x0000000020000738                huart8
 .bss.husart1   0x00000000200007cc       0x60 build/usart.o
                0x00000000200007cc                husart1
 .bss.hrtc      0x000000002000082c       0x24 build/rtc.o
                0x000000002000082c                hrtc
 .bss.hspi1     0x0000000020000850       0x88 build/spi.o
                0x0000000020000850                hspi1
 .bss.hspi2     0x00000000200008d8       0x88 build/spi.o
                0x00000000200008d8                hspi2
 .bss.hspi5     0x0000000020000960       0x88 build/spi.o
                0x0000000020000960                hspi5
 .bss.hspi6     0x00000000200009e8       0x88 build/spi.o
                0x00000000200009e8                hspi6
 .bss.htim1     0x0000000020000a70       0x4c build/tim.o
                0x0000000020000a70                htim1
 .bss.htim12    0x0000000020000abc       0x4c build/tim.o
                0x0000000020000abc                htim12
 .bss.htim13    0x0000000020000b08       0x4c build/tim.o
                0x0000000020000b08                htim13
 .bss.htim14    0x0000000020000b54       0x4c build/tim.o
                0x0000000020000b54                htim14
 .bss.htim15    0x0000000020000ba0       0x4c build/tim.o
                0x0000000020000ba0                htim15
 .bss.htim16    0x0000000020000bec       0x4c build/tim.o
                0x0000000020000bec                htim16
 .bss.htim17    0x0000000020000c38       0x4c build/tim.o
                0x0000000020000c38                htim17
 .bss.htim2     0x0000000020000c84       0x4c build/tim.o
                0x0000000020000c84                htim2
 .bss.htim3     0x0000000020000cd0       0x4c build/tim.o
                0x0000000020000cd0                htim3
 .bss.htim4     0x0000000020000d1c       0x4c build/tim.o
                0x0000000020000d1c                htim4
 .bss.htim5     0x0000000020000d68       0x4c build/tim.o
                0x0000000020000d68                htim5
 .bss.htim6     0x0000000020000db4       0x4c build/tim.o
                0x0000000020000db4                htim6
 .bss.htim7     0x0000000020000e00       0x4c build/tim.o
                0x0000000020000e00                htim7
 .bss.htim8     0x0000000020000e4c       0x4c build/tim.o
                0x0000000020000e4c                htim8
 .bss.uwTick    0x0000000020000e98        0x4 build/stm32h7xx_hal.o
                0x0000000020000e98                uwTick
 *(COMMON)
                0x0000000020000e9c                . = ALIGN (0x4)
                0x0000000020000e9c                _ebss = .
                0x0000000020000e9c                __bss_end__ = _ebss

._user_heap_stack
                0x0000000020000e9c      0x604 load address 0x000000000800a3c4
                0x0000000020000ea0                . = ALIGN (0x8)
 *fill*         0x0000000020000e9c        0x4 
                [!provide]                        PROVIDE (end = .)
                [!provide]                        PROVIDE (_end = .)
                0x00000000200010a0                . = (. + _Min_Heap_Size)
 *fill*         0x0000000020000ea0      0x200 
                0x00000000200014a0                . = (. + _Min_Stack_Size)
 *fill*         0x00000000200010a0      0x400 
                0x00000000200014a0                . = ALIGN (0x8)

/DISCARD/
 libc.a(*)
 libm.a(*)
 libgcc.a(*)

.ARM.attributes
                0x0000000000000000       0x2e
 *(.ARM.attributes)
 .ARM.attributes
                0x0000000000000000       0x1e /home/julius/University/JKU/NetworkedES/arm/bin/../lib/gcc/arm-none-eabi/10.3.1/thumb/v7e-m+dp/hard/crti.o
 .ARM.attributes
                0x000000000000001e       0x32 /home/julius/University/JKU/NetworkedES/arm/bin/../lib/gcc/arm-none-eabi/10.3.1/thumb/v7e-m+dp/hard/crtbegin.o
 .ARM.attributes
                0x0000000000000050       0x32 build/main.o
 .ARM.attributes
                0x0000000000000082       0x32 build/gpio.o
 .ARM.attributes
                0x00000000000000b4       0x32 build/adc.o
 .ARM.attributes
                0x00000000000000e6       0x32 build/dac.o
 .ARM.attributes
                0x0000000000000118       0x32 build/dma.o
 .ARM.attributes
                0x000000000000014a       0x32 build/fmc.o
 .ARM.attributes
                0x000000000000017c       0x32 build/hrtim.o
 .ARM.attributes
                0x00000000000001ae       0x32 build/i2c.o
 .ARM.attributes
                0x00000000000001e0       0x32 build/usart.o
 .ARM.attributes
                0x0000000000000212       0x32 build/rtc.o
 .ARM.attributes
                0x0000000000000244       0x32 build/spi.o
 .ARM.attributes
                0x0000000000000276       0x32 build/tim.o
 .ARM.attributes
                0x00000000000002a8       0x32 build/usb_otg.o
 .ARM.attributes
                0x00000000000002da       0x32 build/stm32h7xx_it.o
 .ARM.attributes
                0x000000000000030c       0x32 build/stm32h7xx_hal_msp.o
 .ARM.attributes
                0x000000000000033e       0x32 build/stm32h7xx_hal_adc.o
 .ARM.attributes
                0x0000000000000370       0x32 build/stm32h7xx_hal_adc_ex.o
 .ARM.attributes
                0x00000000000003a2       0x32 build/stm32h7xx_hal_rcc.o
 .ARM.attributes
                0x00000000000003d4       0x32 build/stm32h7xx_hal_rcc_ex.o
 .ARM.attributes
                0x0000000000000406       0x32 build/stm32h7xx_hal_gpio.o
 .ARM.attributes
                0x0000000000000438       0x32 build/stm32h7xx_hal_dma.o
 .ARM.attributes
                0x000000000000046a       0x32 build/stm32h7xx_hal_pwr_ex.o
 .ARM.attributes
                0x000000000000049c       0x32 build/stm32h7xx_hal_cortex.o
 .ARM.attributes
                0x00000000000004ce       0x32 build/stm32h7xx_hal.o
 .ARM.attributes
                0x0000000000000500       0x32 build/stm32h7xx_hal_i2c.o
 .ARM.attributes
                0x0000000000000532       0x32 build/stm32h7xx_hal_i2c_ex.o
 .ARM.attributes
                0x0000000000000564       0x32 build/stm32h7xx_hal_dac.o
 .ARM.attributes
                0x0000000000000596       0x32 build/stm32h7xx_ll_fmc.o
 .ARM.attributes
                0x00000000000005c8       0x32 build/stm32h7xx_hal_sdram.o
 .ARM.attributes
                0x00000000000005fa       0x32 build/stm32h7xx_hal_hrtim.o
 .ARM.attributes
                0x000000000000062c       0x32 build/stm32h7xx_hal_uart.o
 .ARM.attributes
                0x000000000000065e       0x32 build/stm32h7xx_hal_uart_ex.o
 .ARM.attributes
                0x0000000000000690       0x32 build/stm32h7xx_hal_usart.o
 .ARM.attributes
                0x00000000000006c2       0x32 build/stm32h7xx_hal_usart_ex.o
 .ARM.attributes
                0x00000000000006f4       0x32 build/stm32h7xx_hal_rtc.o
 .ARM.attributes
                0x0000000000000726       0x32 build/stm32h7xx_hal_spi.o
 .ARM.attributes
                0x0000000000000758       0x32 build/stm32h7xx_hal_tim.o
 .ARM.attributes
                0x000000000000078a       0x32 build/stm32h7xx_hal_tim_ex.o
 .ARM.attributes
                0x00000000000007bc       0x32 build/system_stm32h7xx.o
 .ARM.attributes
                0x00000000000007ee       0x21 build/startup_stm32h743xx.o
 .ARM.attributes
                0x000000000000080f       0x32 /home/julius/University/JKU/NetworkedES/arm/bin/../lib/gcc/arm-none-eabi/10.3.1/../../../../arm-none-eabi/lib/thumb/v7e-m+dp/hard/libc_nano.a(lib_a-init.o)
 .ARM.attributes
                0x0000000000000841       0x32 /home/julius/University/JKU/NetworkedES/arm/bin/../lib/gcc/arm-none-eabi/10.3.1/../../../../arm-none-eabi/lib/thumb/v7e-m+dp/hard/libc_nano.a(lib_a-memset.o)
 .ARM.attributes
                0x0000000000000873       0x1e /home/julius/University/JKU/NetworkedES/arm/bin/../lib/gcc/arm-none-eabi/10.3.1/thumb/v7e-m+dp/hard/libgcc.a(_aeabi_uldivmod.o)
 .ARM.attributes
                0x0000000000000891       0x32 /home/julius/University/JKU/NetworkedES/arm/bin/../lib/gcc/arm-none-eabi/10.3.1/thumb/v7e-m+dp/hard/libgcc.a(_udivmoddi4.o)
 .ARM.attributes
                0x00000000000008c3       0x1e /home/julius/University/JKU/NetworkedES/arm/bin/../lib/gcc/arm-none-eabi/10.3.1/thumb/v7e-m+dp/hard/libgcc.a(_dvmd_tls.o)
 .ARM.attributes
                0x00000000000008e1       0x1e /home/julius/University/JKU/NetworkedES/arm/bin/../lib/gcc/arm-none-eabi/10.3.1/thumb/v7e-m+dp/hard/crtn.o
OUTPUT(build/template.elf elf32-littlearm)
LOAD linker stubs
LOAD /home/julius/University/JKU/NetworkedES/arm/bin/../lib/gcc/arm-none-eabi/10.3.1/../../../../arm-none-eabi/lib/thumb/v7e-m+dp/hard/libc.a
LOAD /home/julius/University/JKU/NetworkedES/arm/bin/../lib/gcc/arm-none-eabi/10.3.1/../../../../arm-none-eabi/lib/thumb/v7e-m+dp/hard/libm.a
LOAD /home/julius/University/JKU/NetworkedES/arm/bin/../lib/gcc/arm-none-eabi/10.3.1/thumb/v7e-m+dp/hard/libgcc.a

.debug_info     0x0000000000000000    0x44143
 .debug_info    0x0000000000000000     0x189b build/main.o
 .debug_info    0x000000000000189b      0xa1a build/gpio.o
 .debug_info    0x00000000000022b5     0x1a98 build/adc.o
 .debug_info    0x0000000000003d4d      0xfd0 build/dac.o
 .debug_info    0x0000000000004d1d      0x97c build/dma.o
 .debug_info    0x0000000000005699     0x13c7 build/fmc.o
 .debug_info    0x0000000000006a60     0x1d05 build/hrtim.o
 .debug_info    0x0000000000008765     0x15d0 build/i2c.o
 .debug_info    0x0000000000009d35     0x1f1b build/usart.o
 .debug_info    0x000000000000bc50      0xe6a build/rtc.o
 .debug_info    0x000000000000caba     0x1728 build/spi.o
 .debug_info    0x000000000000e1e2     0x265d build/tim.o
 .debug_info    0x000000000001083f       0xa2 build/usb_otg.o
 .debug_info    0x00000000000108e1      0xf5b build/stm32h7xx_it.o
 .debug_info    0x000000000001183c      0x543 build/stm32h7xx_hal_msp.o
 .debug_info    0x0000000000011d7f     0x3547 build/stm32h7xx_hal_adc.o
 .debug_info    0x00000000000152c6     0x36eb build/stm32h7xx_hal_adc_ex.o
 .debug_info    0x00000000000189b1     0x13e0 build/stm32h7xx_hal_rcc.o
 .debug_info    0x0000000000019d91     0x1cf5 build/stm32h7xx_hal_rcc_ex.o
 .debug_info    0x000000000001ba86      0xee1 build/stm32h7xx_hal_gpio.o
 .debug_info    0x000000000001c967     0x10c3 build/stm32h7xx_hal_dma.o
 .debug_info    0x000000000001da2a     0x13f3 build/stm32h7xx_hal_pwr_ex.o
 .debug_info    0x000000000001ee1d     0x1507 build/stm32h7xx_hal_cortex.o
 .debug_info    0x0000000000020324     0x18de build/stm32h7xx_hal.o
 .debug_info    0x0000000000021c02     0x4626 build/stm32h7xx_hal_i2c.o
 .debug_info    0x0000000000026228      0xffa build/stm32h7xx_hal_i2c_ex.o
 .debug_info    0x0000000000027222      0xe3f build/stm32h7xx_hal_dac.o
 .debug_info    0x0000000000028061      0xe11 build/stm32h7xx_ll_fmc.o
 .debug_info    0x0000000000028e72     0x13f9 build/stm32h7xx_hal_sdram.o
 .debug_info    0x000000000002a26b     0x4cff build/stm32h7xx_hal_hrtim.o
 .debug_info    0x000000000002ef6a     0x6a19 build/stm32h7xx_hal_uart.o
 .debug_info    0x0000000000035983     0x137b build/stm32h7xx_hal_uart_ex.o
 .debug_info    0x0000000000036cfe     0x2526 build/stm32h7xx_hal_usart.o
 .debug_info    0x0000000000039224      0xb2d build/stm32h7xx_hal_usart_ex.o
 .debug_info    0x0000000000039d51     0x1491 build/stm32h7xx_hal_rtc.o
 .debug_info    0x000000000003b1e2     0x1d1c build/stm32h7xx_hal_spi.o
 .debug_info    0x000000000003cefe     0x432c build/stm32h7xx_hal_tim.o
 .debug_info    0x000000000004122a     0x2042 build/stm32h7xx_hal_tim_ex.o
 .debug_info    0x000000000004326c      0xeb5 build/system_stm32h7xx.o
 .debug_info    0x0000000000044121       0x22 build/startup_stm32h743xx.o

.debug_abbrev   0x0000000000000000     0x58b6
 .debug_abbrev  0x0000000000000000      0x245 build/main.o
 .debug_abbrev  0x0000000000000245      0x174 build/gpio.o
 .debug_abbrev  0x00000000000003b9      0x243 build/adc.o
 .debug_abbrev  0x00000000000005fc      0x200 build/dac.o
 .debug_abbrev  0x00000000000007fc      0x129 build/dma.o
 .debug_abbrev  0x0000000000000925      0x242 build/fmc.o
 .debug_abbrev  0x0000000000000b67      0x1f8 build/hrtim.o
 .debug_abbrev  0x0000000000000d5f      0x244 build/i2c.o
 .debug_abbrev  0x0000000000000fa3      0x21b build/usart.o
 .debug_abbrev  0x00000000000011be      0x1d6 build/rtc.o
 .debug_abbrev  0x0000000000001394      0x240 build/spi.o
 .debug_abbrev  0x00000000000015d4      0x277 build/tim.o
 .debug_abbrev  0x000000000000184b       0x46 build/usb_otg.o
 .debug_abbrev  0x0000000000001891      0x1a9 build/stm32h7xx_it.o
 .debug_abbrev  0x0000000000001a3a       0xc8 build/stm32h7xx_hal_msp.o
 .debug_abbrev  0x0000000000001b02      0x307 build/stm32h7xx_hal_adc.o
 .debug_abbrev  0x0000000000001e09      0x3bf build/stm32h7xx_hal_adc_ex.o
 .debug_abbrev  0x00000000000021c8      0x27d build/stm32h7xx_hal_rcc.o
 .debug_abbrev  0x0000000000002445      0x286 build/stm32h7xx_hal_rcc_ex.o
 .debug_abbrev  0x00000000000026cb      0x253 build/stm32h7xx_hal_gpio.o
 .debug_abbrev  0x000000000000291e      0x2ef build/stm32h7xx_hal_dma.o
 .debug_abbrev  0x0000000000002c0d      0x2b6 build/stm32h7xx_hal_pwr_ex.o
 .debug_abbrev  0x0000000000002ec3      0x395 build/stm32h7xx_hal_cortex.o
 .debug_abbrev  0x0000000000003258      0x261 build/stm32h7xx_hal.o
 .debug_abbrev  0x00000000000034b9      0x2a9 build/stm32h7xx_hal_i2c.o
 .debug_abbrev  0x0000000000003762      0x1c4 build/stm32h7xx_hal_i2c_ex.o
 .debug_abbrev  0x0000000000003926      0x204 build/stm32h7xx_hal_dac.o
 .debug_abbrev  0x0000000000003b2a      0x1cd build/stm32h7xx_ll_fmc.o
 .debug_abbrev  0x0000000000003cf7      0x23d build/stm32h7xx_hal_sdram.o
 .debug_abbrev  0x0000000000003f34      0x28d build/stm32h7xx_hal_hrtim.o
 .debug_abbrev  0x00000000000041c1      0x363 build/stm32h7xx_hal_uart.o
 .debug_abbrev  0x0000000000004524      0x308 build/stm32h7xx_hal_uart_ex.o
 .debug_abbrev  0x000000000000482c      0x2b3 build/stm32h7xx_hal_usart.o
 .debug_abbrev  0x0000000000004adf      0x25d build/stm32h7xx_hal_usart_ex.o
 .debug_abbrev  0x0000000000004d3c      0x223 build/stm32h7xx_hal_rtc.o
 .debug_abbrev  0x0000000000004f5f      0x2f3 build/stm32h7xx_hal_spi.o
 .debug_abbrev  0x0000000000005252      0x289 build/stm32h7xx_hal_tim.o
 .debug_abbrev  0x00000000000054db      0x29f build/stm32h7xx_hal_tim_ex.o
 .debug_abbrev  0x000000000000577a      0x12a build/system_stm32h7xx.o
 .debug_abbrev  0x00000000000058a4       0x12 build/startup_stm32h743xx.o

.debug_loc      0x0000000000000000    0x303e4
 .debug_loc     0x0000000000000000      0x12e build/main.o
 .debug_loc     0x000000000000012e       0x39 build/gpio.o
 .debug_loc     0x0000000000000167      0x23e build/adc.o
 .debug_loc     0x00000000000003a5      0x119 build/dac.o
 .debug_loc     0x00000000000004be       0x38 build/dma.o
 .debug_loc     0x00000000000004f6      0x134 build/fmc.o
 .debug_loc     0x000000000000062a      0x196 build/hrtim.o
 .debug_loc     0x00000000000007c0      0x1d8 build/i2c.o
 .debug_loc     0x0000000000000998      0x376 build/usart.o
 .debug_loc     0x0000000000000d0e       0x88 build/rtc.o
 .debug_loc     0x0000000000000d96      0x1f8 build/spi.o
 .debug_loc     0x0000000000000f8e      0x7f8 build/tim.o
 .debug_loc     0x0000000000001786       0xc0 build/stm32h7xx_it.o
 .debug_loc     0x0000000000001846       0x2c build/stm32h7xx_hal_msp.o
 .debug_loc     0x0000000000001872     0x279f build/stm32h7xx_hal_adc.o
 .debug_loc     0x0000000000004011     0x2dec build/stm32h7xx_hal_adc_ex.o
 .debug_loc     0x0000000000006dfd      0xac2 build/stm32h7xx_hal_rcc.o
 .debug_loc     0x00000000000078bf     0x1f9b build/stm32h7xx_hal_rcc_ex.o
 .debug_loc     0x000000000000985a      0x482 build/stm32h7xx_hal_gpio.o
 .debug_loc     0x0000000000009cdc     0x10aa build/stm32h7xx_hal_dma.o
 .debug_loc     0x000000000000ad86      0x65b build/stm32h7xx_hal_pwr_ex.o
 .debug_loc     0x000000000000b3e1      0x786 build/stm32h7xx_hal_cortex.o
 .debug_loc     0x000000000000bb67      0x526 build/stm32h7xx_hal.o
 .debug_loc     0x000000000000c08d     0x58a9 build/stm32h7xx_hal_i2c.o
 .debug_loc     0x0000000000011936      0x25a build/stm32h7xx_hal_i2c_ex.o
 .debug_loc     0x0000000000011b90      0xae4 build/stm32h7xx_hal_dac.o
 .debug_loc     0x0000000000012674      0x8bf build/stm32h7xx_ll_fmc.o
 .debug_loc     0x0000000000012f33     0x1281 build/stm32h7xx_hal_sdram.o
 .debug_loc     0x00000000000141b4     0x698e build/stm32h7xx_hal_hrtim.o
 .debug_loc     0x000000000001ab42     0x6376 build/stm32h7xx_hal_uart.o
 .debug_loc     0x0000000000020eb8      0xd7d build/stm32h7xx_hal_uart_ex.o
 .debug_loc     0x0000000000021c35     0x2664 build/stm32h7xx_hal_usart.o
 .debug_loc     0x0000000000024299      0x450 build/stm32h7xx_hal_usart_ex.o
 .debug_loc     0x00000000000246e9      0xf97 build/stm32h7xx_hal_rtc.o
 .debug_loc     0x0000000000025680     0x1eb1 build/stm32h7xx_hal_spi.o
 .debug_loc     0x0000000000027531     0x6278 build/stm32h7xx_hal_tim.o
 .debug_loc     0x000000000002d7a9     0x2a63 build/stm32h7xx_hal_tim_ex.o
 .debug_loc     0x000000000003020c      0x1d8 build/system_stm32h7xx.o

.debug_aranges  0x0000000000000000     0x2290
 .debug_aranges
                0x0000000000000000       0x38 build/main.o
 .debug_aranges
                0x0000000000000038       0x20 build/gpio.o
 .debug_aranges
                0x0000000000000058       0x40 build/adc.o
 .debug_aranges
                0x0000000000000098       0x30 build/dac.o
 .debug_aranges
                0x00000000000000c8       0x20 build/dma.o
 .debug_aranges
                0x00000000000000e8       0x40 build/fmc.o
 .debug_aranges
                0x0000000000000128       0x38 build/hrtim.o
 .debug_aranges
                0x0000000000000160       0x40 build/i2c.o
 .debug_aranges
                0x00000000000001a0       0x68 build/usart.o
 .debug_aranges
                0x0000000000000208       0x30 build/rtc.o
 .debug_aranges
                0x0000000000000238       0x48 build/spi.o
 .debug_aranges
                0x0000000000000280       0xd0 build/tim.o
 .debug_aranges
                0x0000000000000350       0x20 build/usb_otg.o
 .debug_aranges
                0x0000000000000370       0x88 build/stm32h7xx_it.o
 .debug_aranges
                0x00000000000003f8       0x20 build/stm32h7xx_hal_msp.o
 .debug_aranges
                0x0000000000000418      0x100 build/stm32h7xx_hal_adc.o
 .debug_aranges
                0x0000000000000518      0x108 build/stm32h7xx_hal_adc_ex.o
 .debug_aranges
                0x0000000000000620       0x88 build/stm32h7xx_hal_rcc.o
 .debug_aranges
                0x00000000000006a8       0xf8 build/stm32h7xx_hal_rcc_ex.o
 .debug_aranges
                0x00000000000007a0       0x58 build/stm32h7xx_hal_gpio.o
 .debug_aranges
                0x00000000000007f8       0xa0 build/stm32h7xx_hal_dma.o
 .debug_aranges
                0x0000000000000898      0x158 build/stm32h7xx_hal_pwr_ex.o
 .debug_aranges
                0x00000000000009f0       0xb0 build/stm32h7xx_hal_cortex.o
 .debug_aranges
                0x0000000000000aa0      0x198 build/stm32h7xx_hal.o
 .debug_aranges
                0x0000000000000c38      0x2a0 build/stm32h7xx_hal_i2c.o
 .debug_aranges
                0x0000000000000ed8       0x48 build/stm32h7xx_hal_i2c_ex.o
 .debug_aranges
                0x0000000000000f20       0xc0 build/stm32h7xx_hal_dac.o
 .debug_aranges
                0x0000000000000fe0       0xc8 build/stm32h7xx_ll_fmc.o
 .debug_aranges
                0x00000000000010a8       0xe8 build/stm32h7xx_hal_sdram.o
 .debug_aranges
                0x0000000000001190      0x3e8 build/stm32h7xx_hal_hrtim.o
 .debug_aranges
                0x0000000000001578      0x248 build/stm32h7xx_hal_uart.o
 .debug_aranges
                0x00000000000017c0       0xa8 build/stm32h7xx_hal_uart_ex.o
 .debug_aranges
                0x0000000000001868      0x1a0 build/stm32h7xx_hal_usart.o
 .debug_aranges
                0x0000000000001a08       0x68 build/stm32h7xx_hal_usart_ex.o
 .debug_aranges
                0x0000000000001a70       0xc0 build/stm32h7xx_hal_rtc.o
 .debug_aranges
                0x0000000000001b30      0x1a8 build/stm32h7xx_hal_spi.o
 .debug_aranges
                0x0000000000001cd8      0x3e0 build/stm32h7xx_hal_tim.o
 .debug_aranges
                0x00000000000020b8      0x188 build/stm32h7xx_hal_tim_ex.o
 .debug_aranges
                0x0000000000002240       0x28 build/system_stm32h7xx.o
 .debug_aranges
                0x0000000000002268       0x28 build/startup_stm32h743xx.o

.debug_ranges   0x0000000000000000     0x2510
 .debug_ranges  0x0000000000000000       0x28 build/main.o
 .debug_ranges  0x0000000000000028       0x10 build/gpio.o
 .debug_ranges  0x0000000000000038       0x30 build/adc.o
 .debug_ranges  0x0000000000000068       0x20 build/dac.o
 .debug_ranges  0x0000000000000088       0x10 build/dma.o
 .debug_ranges  0x0000000000000098       0x30 build/fmc.o
 .debug_ranges  0x00000000000000c8       0x28 build/hrtim.o
 .debug_ranges  0x00000000000000f0       0x30 build/i2c.o
 .debug_ranges  0x0000000000000120       0x58 build/usart.o
 .debug_ranges  0x0000000000000178       0x20 build/rtc.o
 .debug_ranges  0x0000000000000198       0x38 build/spi.o
 .debug_ranges  0x00000000000001d0       0xc0 build/tim.o
 .debug_ranges  0x0000000000000290       0x10 build/usb_otg.o
 .debug_ranges  0x00000000000002a0       0x78 build/stm32h7xx_it.o
 .debug_ranges  0x0000000000000318       0x10 build/stm32h7xx_hal_msp.o
 .debug_ranges  0x0000000000000328      0x320 build/stm32h7xx_hal_adc.o
 .debug_ranges  0x0000000000000648      0x278 build/stm32h7xx_hal_adc_ex.o
 .debug_ranges  0x00000000000008c0       0xe8 build/stm32h7xx_hal_rcc.o
 .debug_ranges  0x00000000000009a8       0xe8 build/stm32h7xx_hal_rcc_ex.o
 .debug_ranges  0x0000000000000a90       0x48 build/stm32h7xx_hal_gpio.o
 .debug_ranges  0x0000000000000ad8       0xa8 build/stm32h7xx_hal_dma.o
 .debug_ranges  0x0000000000000b80      0x1a8 build/stm32h7xx_hal_pwr_ex.o
 .debug_ranges  0x0000000000000d28      0x100 build/stm32h7xx_hal_cortex.o
 .debug_ranges  0x0000000000000e28      0x188 build/stm32h7xx_hal.o
 .debug_ranges  0x0000000000000fb0      0x290 build/stm32h7xx_hal_i2c.o
 .debug_ranges  0x0000000000001240       0x38 build/stm32h7xx_hal_i2c_ex.o
 .debug_ranges  0x0000000000001278       0xb0 build/stm32h7xx_hal_dac.o
 .debug_ranges  0x0000000000001328       0xb8 build/stm32h7xx_ll_fmc.o
 .debug_ranges  0x00000000000013e0       0xd8 build/stm32h7xx_hal_sdram.o
 .debug_ranges  0x00000000000014b8      0x3d8 build/stm32h7xx_hal_hrtim.o
 .debug_ranges  0x0000000000001890      0x238 build/stm32h7xx_hal_uart.o
 .debug_ranges  0x0000000000001ac8       0x98 build/stm32h7xx_hal_uart_ex.o
 .debug_ranges  0x0000000000001b60      0x190 build/stm32h7xx_hal_usart.o
 .debug_ranges  0x0000000000001cf0       0x58 build/stm32h7xx_hal_usart_ex.o
 .debug_ranges  0x0000000000001d48       0xb0 build/stm32h7xx_hal_rtc.o
 .debug_ranges  0x0000000000001df8      0x198 build/stm32h7xx_hal_spi.o
 .debug_ranges  0x0000000000001f90      0x3d0 build/stm32h7xx_hal_tim.o
 .debug_ranges  0x0000000000002360      0x178 build/stm32h7xx_hal_tim_ex.o
 .debug_ranges  0x00000000000024d8       0x18 build/system_stm32h7xx.o
 .debug_ranges  0x00000000000024f0       0x20 build/startup_stm32h743xx.o

.debug_line     0x0000000000000000    0x327a7
 .debug_line    0x0000000000000000      0x5d0 build/main.o
 .debug_line    0x00000000000005d0      0x313 build/gpio.o
 .debug_line    0x00000000000008e3      0x89c build/adc.o
 .debug_line    0x000000000000117f      0x37f build/dac.o
 .debug_line    0x00000000000014fe      0x174 build/dma.o
 .debug_line    0x0000000000001672      0x472 build/fmc.o
 .debug_line    0x0000000000001ae4      0x56c build/hrtim.o
 .debug_line    0x0000000000002050      0x562 build/i2c.o
 .debug_line    0x00000000000025b2      0xa07 build/usart.o
 .debug_line    0x0000000000002fb9      0x28e build/rtc.o
 .debug_line    0x0000000000003247      0x7d6 build/spi.o
 .debug_line    0x0000000000003a1d      0xfc2 build/tim.o
 .debug_line    0x00000000000049df       0x42 build/usb_otg.o
 .debug_line    0x0000000000004a21      0x349 build/stm32h7xx_it.o
 .debug_line    0x0000000000004d6a      0x142 build/stm32h7xx_hal_msp.o
 .debug_line    0x0000000000004eac     0x2891 build/stm32h7xx_hal_adc.o
 .debug_line    0x000000000000773d     0x265a build/stm32h7xx_hal_adc_ex.o
 .debug_line    0x0000000000009d97     0x129a build/stm32h7xx_hal_rcc.o
 .debug_line    0x000000000000b031     0x1f8c build/stm32h7xx_hal_rcc_ex.o
 .debug_line    0x000000000000cfbd      0x6a5 build/stm32h7xx_hal_gpio.o
 .debug_line    0x000000000000d662     0x2429 build/stm32h7xx_hal_dma.o
 .debug_line    0x000000000000fa8b      0xa6e build/stm32h7xx_hal_pwr_ex.o
 .debug_line    0x00000000000104f9      0x779 build/stm32h7xx_hal_cortex.o
 .debug_line    0x0000000000010c72      0x8ae build/stm32h7xx_hal.o
 .debug_line    0x0000000000011520     0x5131 build/stm32h7xx_hal_i2c.o
 .debug_line    0x0000000000016651      0x4a7 build/stm32h7xx_hal_i2c_ex.o
 .debug_line    0x0000000000016af8      0x942 build/stm32h7xx_hal_dac.o
 .debug_line    0x000000000001743a      0x6a0 build/stm32h7xx_ll_fmc.o
 .debug_line    0x0000000000017ada      0xbd2 build/stm32h7xx_hal_sdram.o
 .debug_line    0x00000000000186ac     0x5590 build/stm32h7xx_hal_hrtim.o
 .debug_line    0x000000000001dc3c     0x66a5 build/stm32h7xx_hal_uart.o
 .debug_line    0x00000000000242e1      0xc5e build/stm32h7xx_hal_uart_ex.o
 .debug_line    0x0000000000024f3f     0x28fa build/stm32h7xx_hal_usart.o
 .debug_line    0x0000000000027839      0x719 build/stm32h7xx_hal_usart_ex.o
 .debug_line    0x0000000000027f52     0x1038 build/stm32h7xx_hal_rtc.o
 .debug_line    0x0000000000028f8a     0x241a build/stm32h7xx_hal_spi.o
 .debug_line    0x000000000002b3a4     0x5057 build/stm32h7xx_hal_tim.o
 .debug_line    0x00000000000303fb     0x1f17 build/stm32h7xx_hal_tim_ex.o
 .debug_line    0x0000000000032312      0x41f build/system_stm32h7xx.o
 .debug_line    0x0000000000032731       0x76 build/startup_stm32h743xx.o

.debug_str      0x0000000000000000     0xbe2a
 .debug_str     0x0000000000000000      0xd11 build/main.o
                                        0xd98 (size before relaxing)
 .debug_str     0x0000000000000d11       0xb5 build/gpio.o
                                        0x4ae (size before relaxing)
 .debug_str     0x0000000000000dc6      0xe66 build/adc.o
                                       0x147b (size before relaxing)
 .debug_str     0x0000000000001c2c      0x27e build/dac.o
                                        0xa8d (size before relaxing)
 .debug_str     0x0000000000001eaa        0xa build/dma.o
                                        0xc22 (size before relaxing)
 .debug_str     0x0000000000001eb4      0x519 build/fmc.o
                                        0xe27 (size before relaxing)
 .debug_str     0x00000000000023cd      0x6a4 build/hrtim.o
                                       0x122a (size before relaxing)
 .debug_str     0x0000000000002a71      0x316 build/i2c.o
                                        0xebb (size before relaxing)
 .debug_str     0x0000000000002d87      0x485 build/usart.o
                                       0x10ad (size before relaxing)
 .debug_str     0x000000000000320c      0x26c build/rtc.o
                                        0xa38 (size before relaxing)
 .debug_str     0x0000000000003478      0x269 build/spi.o
                                        0xe93 (size before relaxing)
 .debug_str     0x00000000000036e1      0x6fa build/tim.o
                                       0x18ae (size before relaxing)
 .debug_str     0x0000000000003ddb        0xe build/usb_otg.o
                                        0x1ae (size before relaxing)
 .debug_str     0x0000000000003de9      0x143 build/stm32h7xx_it.o
                                        0xc48 (size before relaxing)
 .debug_str     0x0000000000003f2c       0x24 build/stm32h7xx_hal_msp.o
                                        0x3eb (size before relaxing)
 .debug_str     0x0000000000003f50      0xa15 build/stm32h7xx_hal_adc.o
                                       0x135f (size before relaxing)
 .debug_str     0x0000000000004965      0x716 build/stm32h7xx_hal_adc_ex.o
                                       0x142f (size before relaxing)
 .debug_str     0x000000000000507b      0x33b build/stm32h7xx_hal_rcc.o
                                        0xa18 (size before relaxing)
 .debug_str     0x00000000000053b6      0x650 build/stm32h7xx_hal_rcc_ex.o
                                        0xf23 (size before relaxing)
 .debug_str     0x0000000000005a06       0xf7 build/stm32h7xx_hal_gpio.o
                                        0x6d2 (size before relaxing)
 .debug_str     0x0000000000005afd      0x371 build/stm32h7xx_hal_dma.o
                                        0x9c9 (size before relaxing)
 .debug_str     0x0000000000005e6e      0x533 build/stm32h7xx_hal_pwr_ex.o
                                        0xa47 (size before relaxing)
 .debug_str     0x00000000000063a1      0x46a build/stm32h7xx_hal_cortex.o
                                       0x1046 (size before relaxing)
 .debug_str     0x000000000000680b      0x5b9 build/stm32h7xx_hal.o
                                       0x14ae (size before relaxing)
 .debug_str     0x0000000000006dc4      0x892 build/stm32h7xx_hal_i2c.o
                                       0x1187 (size before relaxing)
 .debug_str     0x0000000000007656       0xb5 build/stm32h7xx_hal_i2c_ex.o
                                        0xb53 (size before relaxing)
 .debug_str     0x000000000000770b      0x1cb build/stm32h7xx_hal_dac.o
                                        0x97c (size before relaxing)
 .debug_str     0x00000000000078d6      0x4e7 build/stm32h7xx_ll_fmc.o
                                        0x8b7 (size before relaxing)
 .debug_str     0x0000000000007dbd      0x2b6 build/stm32h7xx_hal_sdram.o
                                        0xbb2 (size before relaxing)
 .debug_str     0x0000000000008073     0x1277 build/stm32h7xx_hal_hrtim.o
                                       0x2127 (size before relaxing)
 .debug_str     0x00000000000092ea      0x8a1 build/stm32h7xx_hal_uart.o
                                       0x14b1 (size before relaxing)
 .debug_str     0x0000000000009b8b      0x246 build/stm32h7xx_hal_uart_ex.o
                                        0xb9a (size before relaxing)
 .debug_str     0x0000000000009dd1      0x5ad build/stm32h7xx_hal_usart.o
                                       0x1150 (size before relaxing)
 .debug_str     0x000000000000a37e       0xc9 build/stm32h7xx_hal_usart_ex.o
                                        0x8f2 (size before relaxing)
 .debug_str     0x000000000000a447      0x2be build/stm32h7xx_hal_rtc.o
                                        0x87f (size before relaxing)
 .debug_str     0x000000000000a705      0x4c7 build/stm32h7xx_hal_spi.o
                                        0xda4 (size before relaxing)
 .debug_str     0x000000000000abcc      0xbf3 build/stm32h7xx_hal_tim.o
                                       0x1821 (size before relaxing)
 .debug_str     0x000000000000b7bf      0x60f build/stm32h7xx_hal_tim_ex.o
                                       0x113e (size before relaxing)
 .debug_str     0x000000000000bdce       0x38 build/system_stm32h7xx.o
                                        0x728 (size before relaxing)
 .debug_str     0x000000000000be06       0x24 build/startup_stm32h743xx.o
                                         0x66 (size before relaxing)

.comment        0x0000000000000000       0x49
 .comment       0x0000000000000000       0x49 build/main.o
                                         0x4a (size before relaxing)
 .comment       0x0000000000000049       0x4a build/gpio.o
 .comment       0x0000000000000049       0x4a build/adc.o
 .comment       0x0000000000000049       0x4a build/dac.o
 .comment       0x0000000000000049       0x4a build/dma.o
 .comment       0x0000000000000049       0x4a build/fmc.o
 .comment       0x0000000000000049       0x4a build/hrtim.o
 .comment       0x0000000000000049       0x4a build/i2c.o
 .comment       0x0000000000000049       0x4a build/usart.o
 .comment       0x0000000000000049       0x4a build/rtc.o
 .comment       0x0000000000000049       0x4a build/spi.o
 .comment       0x0000000000000049       0x4a build/tim.o
 .comment       0x0000000000000049       0x4a build/usb_otg.o
 .comment       0x0000000000000049       0x4a build/stm32h7xx_it.o
 .comment       0x0000000000000049       0x4a build/stm32h7xx_hal_msp.o
 .comment       0x0000000000000049       0x4a build/stm32h7xx_hal_adc.o
 .comment       0x0000000000000049       0x4a build/stm32h7xx_hal_adc_ex.o
 .comment       0x0000000000000049       0x4a build/stm32h7xx_hal_rcc.o
 .comment       0x0000000000000049       0x4a build/stm32h7xx_hal_rcc_ex.o
 .comment       0x0000000000000049       0x4a build/stm32h7xx_hal_gpio.o
 .comment       0x0000000000000049       0x4a build/stm32h7xx_hal_dma.o
 .comment       0x0000000000000049       0x4a build/stm32h7xx_hal_pwr_ex.o
 .comment       0x0000000000000049       0x4a build/stm32h7xx_hal_cortex.o
 .comment       0x0000000000000049       0x4a build/stm32h7xx_hal.o
 .comment       0x0000000000000049       0x4a build/stm32h7xx_hal_i2c.o
 .comment       0x0000000000000049       0x4a build/stm32h7xx_hal_i2c_ex.o
 .comment       0x0000000000000049       0x4a build/stm32h7xx_hal_dac.o
 .comment       0x0000000000000049       0x4a build/stm32h7xx_ll_fmc.o
 .comment       0x0000000000000049       0x4a build/stm32h7xx_hal_sdram.o
 .comment       0x0000000000000049       0x4a build/stm32h7xx_hal_hrtim.o
 .comment       0x0000000000000049       0x4a build/stm32h7xx_hal_uart.o
 .comment       0x0000000000000049       0x4a build/stm32h7xx_hal_uart_ex.o
 .comment       0x0000000000000049       0x4a build/stm32h7xx_hal_usart.o
 .comment       0x0000000000000049       0x4a build/stm32h7xx_hal_usart_ex.o
 .comment       0x0000000000000049       0x4a build/stm32h7xx_hal_rtc.o
 .comment       0x0000000000000049       0x4a build/stm32h7xx_hal_spi.o
 .comment       0x0000000000000049       0x4a build/stm32h7xx_hal_tim.o
 .comment       0x0000000000000049       0x4a build/stm32h7xx_hal_tim_ex.o
 .comment       0x0000000000000049       0x4a build/system_stm32h7xx.o

.debug_frame    0x0000000000000000     0x608c
 .debug_frame   0x0000000000000000       0x7c build/main.o
 .debug_frame   0x000000000000007c       0x40 build/gpio.o
 .debug_frame   0x00000000000000bc       0xac build/adc.o
 .debug_frame   0x0000000000000168       0x68 build/dac.o
 .debug_frame   0x00000000000001d0       0x2c build/dma.o
 .debug_frame   0x00000000000001fc       0xa0 build/fmc.o
 .debug_frame   0x000000000000029c       0x98 build/hrtim.o
 .debug_frame   0x0000000000000334       0x98 build/i2c.o
 .debug_frame   0x00000000000003cc      0x11c build/usart.o
 .debug_frame   0x00000000000004e8       0x5c build/rtc.o
 .debug_frame   0x0000000000000544       0xb0 build/spi.o
 .debug_frame   0x00000000000005f4      0x2ac build/tim.o
 .debug_frame   0x00000000000008a0       0x20 build/usb_otg.o
 .debug_frame   0x00000000000008c0      0x120 build/stm32h7xx_it.o
 .debug_frame   0x00000000000009e0       0x28 build/stm32h7xx_hal_msp.o
 .debug_frame   0x0000000000000a08      0x2f0 build/stm32h7xx_hal_adc.o
 .debug_frame   0x0000000000000cf8      0x334 build/stm32h7xx_hal_adc_ex.o
 .debug_frame   0x000000000000102c      0x18c build/stm32h7xx_hal_rcc.o
 .debug_frame   0x00000000000011b8      0x26c build/stm32h7xx_hal_rcc_ex.o
 .debug_frame   0x0000000000001424       0xd4 build/stm32h7xx_hal_gpio.o
 .debug_frame   0x00000000000014f8      0x1fc build/stm32h7xx_hal_dma.o
 .debug_frame   0x00000000000016f4      0x2f4 build/stm32h7xx_hal_pwr_ex.o
 .debug_frame   0x00000000000019e8      0x158 build/stm32h7xx_hal_cortex.o
 .debug_frame   0x0000000000001b40      0x360 build/stm32h7xx_hal.o
 .debug_frame   0x0000000000001ea0      0x984 build/stm32h7xx_hal_i2c.o
 .debug_frame   0x0000000000002824       0x80 build/stm32h7xx_hal_i2c_ex.o
 .debug_frame   0x00000000000028a4      0x1ec build/stm32h7xx_hal_dac.o
 .debug_frame   0x0000000000002a90      0x1d4 build/stm32h7xx_ll_fmc.o
 .debug_frame   0x0000000000002c64      0x27c build/stm32h7xx_hal_sdram.o
 .debug_frame   0x0000000000002ee0      0xbf4 build/stm32h7xx_hal_hrtim.o
 .debug_frame   0x0000000000003ad4      0x680 build/stm32h7xx_hal_uart.o
 .debug_frame   0x0000000000004154      0x1c8 build/stm32h7xx_hal_uart_ex.o
 .debug_frame   0x000000000000431c      0x4a8 build/stm32h7xx_hal_usart.o
 .debug_frame   0x00000000000047c4      0x114 build/stm32h7xx_hal_usart_ex.o
 .debug_frame   0x00000000000048d8      0x228 build/stm32h7xx_hal_rtc.o
 .debug_frame   0x0000000000004b00      0x4b8 build/stm32h7xx_hal_spi.o
 .debug_frame   0x0000000000004fb8      0xb6c build/stm32h7xx_hal_tim.o
 .debug_frame   0x0000000000005b24      0x480 build/stm32h7xx_hal_tim_ex.o
 .debug_frame   0x0000000000005fa4       0x3c build/system_stm32h7xx.o
 .debug_frame   0x0000000000005fe0       0x2c /home/julius/University/JKU/NetworkedES/arm/bin/../lib/gcc/arm-none-eabi/10.3.1/../../../../arm-none-eabi/lib/thumb/v7e-m+dp/hard/libc_nano.a(lib_a-init.o)
 .debug_frame   0x000000000000600c       0x20 /home/julius/University/JKU/NetworkedES/arm/bin/../lib/gcc/arm-none-eabi/10.3.1/../../../../arm-none-eabi/lib/thumb/v7e-m+dp/hard/libc_nano.a(lib_a-memset.o)
 .debug_frame   0x000000000000602c       0x2c /home/julius/University/JKU/NetworkedES/arm/bin/../lib/gcc/arm-none-eabi/10.3.1/thumb/v7e-m+dp/hard/libgcc.a(_aeabi_uldivmod.o)
 .debug_frame   0x0000000000006058       0x34 /home/julius/University/JKU/NetworkedES/arm/bin/../lib/gcc/arm-none-eabi/10.3.1/thumb/v7e-m+dp/hard/libgcc.a(_udivmoddi4.o)

Cross Reference Table

Symbol                                            File
ADC3_IRQHandler                                   build/startup_stm32h743xx.o
ADC_ConfigureBoostMode                            build/stm32h7xx_hal_adc.o
ADC_ConversionStop                                build/stm32h7xx_hal_adc.o
                                                  build/stm32h7xx_hal_adc_ex.o
ADC_DMAConvCplt                                   build/stm32h7xx_hal_adc.o
                                                  build/stm32h7xx_hal_adc_ex.o
ADC_DMAError                                      build/stm32h7xx_hal_adc.o
                                                  build/stm32h7xx_hal_adc_ex.o
ADC_DMAHalfConvCplt                               build/stm32h7xx_hal_adc.o
                                                  build/stm32h7xx_hal_adc_ex.o
ADC_Disable                                       build/stm32h7xx_hal_adc.o
                                                  build/stm32h7xx_hal_adc_ex.o
ADC_Enable                                        build/stm32h7xx_hal_adc.o
                                                  build/stm32h7xx_hal_adc_ex.o
ADC_IRQHandler                                    build/stm32h7xx_it.o
BDMA_Channel0_IRQHandler                          build/startup_stm32h743xx.o
BDMA_Channel1_IRQHandler                          build/startup_stm32h743xx.o
BDMA_Channel2_IRQHandler                          build/startup_stm32h743xx.o
BDMA_Channel3_IRQHandler                          build/startup_stm32h743xx.o
BDMA_Channel4_IRQHandler                          build/startup_stm32h743xx.o
BDMA_Channel5_IRQHandler                          build/startup_stm32h743xx.o
BDMA_Channel6_IRQHandler                          build/startup_stm32h743xx.o
BDMA_Channel7_IRQHandler                          build/startup_stm32h743xx.o
BusFault_Handler                                  build/stm32h7xx_it.o
CEC_IRQHandler                                    build/startup_stm32h743xx.o
COMP1_IRQHandler                                  build/startup_stm32h743xx.o
CRS_IRQHandler                                    build/startup_stm32h743xx.o